Component: ARM Compiler 5.06 update 6 (build 750) Tool: armlink [4d35ed]

==============================================================================

Section Cross References

    system_stm32f10x.o(.text) refers to system_stm32f10x.o(.data) for SystemCoreClock
    stm32f10x_gpio.o(.text) refers to stm32f10x_rcc.o(.text) for RCC_APB2PeriphResetCmd
    stm32f10x_rcc.o(.text) refers to stm32f10x_rcc.o(.data) for APBAHBPrescTable
    stm32f10x_usart.o(.text) refers to stm32f10x_rcc.o(.text) for RCC_APB2PeriphResetCmd
    stm32f10x_pwr.o(.text) refers to stm32f10x_rcc.o(.text) for RCC_APB1PeriphResetCmd
    stm32f10x_i2c.o(.text) refers to stm32f10x_rcc.o(.text) for RCC_APB1PeriphResetCmd
    stm32f10x_tim.o(.text) refers to stm32f10x_rcc.o(.text) for RCC_APB2PeriphResetCmd
    stm32f10x_can.o(.text) refers to stm32f10x_rcc.o(.text) for RCC_APB1PeriphResetCmd
    startup_stm32f10x_md.o(STACK) refers (Special) to heapauxi.o(.text) for __use_two_region_memory
    startup_stm32f10x_md.o(HEAP) refers (Special) to heapauxi.o(.text) for __use_two_region_memory
    startup_stm32f10x_md.o(RESET) refers (Special) to heapauxi.o(.text) for __use_two_region_memory
    startup_stm32f10x_md.o(RESET) refers to startup_stm32f10x_md.o(STACK) for __initial_sp
    startup_stm32f10x_md.o(RESET) refers to startup_stm32f10x_md.o(.text) for Reset_Handler
    startup_stm32f10x_md.o(RESET) refers to stm32f10x_it.o(.text) for NMI_Handler
    startup_stm32f10x_md.o(RESET) refers to nvic.o(.text) for EXTI1_IRQHandler
    startup_stm32f10x_md.o(RESET) refers to can.o(.text) for USB_LP_CAN1_RX0_IRQHandler
    startup_stm32f10x_md.o(RESET) refers to tim.o(.text) for TIM3_IRQHandler
    startup_stm32f10x_md.o(.text) refers (Special) to heapauxi.o(.text) for __use_two_region_memory
    startup_stm32f10x_md.o(.text) refers to system_stm32f10x.o(.text) for SystemInit
    startup_stm32f10x_md.o(.text) refers to __main.o(!!!main) for __main
    startup_stm32f10x_md.o(.text) refers to startup_stm32f10x_md.o(HEAP) for Heap_Mem
    startup_stm32f10x_md.o(.text) refers to startup_stm32f10x_md.o(STACK) for Stack_Mem
    main.o(.text) refers to _printf_pad.o(.text) for _printf_pre_padding
    main.o(.text) refers to _printf_percent.o(.ARM.Collect$$_printf_percent$$00000000) for _printf_percent
    main.o(.text) refers to _printf_d.o(.ARM.Collect$$_printf_percent$$00000009) for _printf_d
    main.o(.text) refers to _printf_f.o(.ARM.Collect$$_printf_percent$$00000003) for _printf_f
    main.o(.text) refers to _printf_dec.o(.text) for _printf_int_dec
    main.o(.text) refers to printf1.o(x$fpl$printf1) for _printf_fp_dec
    main.o(.text) refers to fflt_clz.o(x$fpl$ffltu) for __aeabi_ui2f
    main.o(.text) refers to fdiv.o(x$fpl$fdiv) for __aeabi_fdiv
    main.o(.text) refers to f2d.o(x$fpl$f2d) for __aeabi_f2d
    main.o(.text) refers to noretval__2sprintf.o(.text) for __2sprintf
    main.o(.text) refers to oled0561.o(.text) for OLED_DISPLAY_8x16_BUFFER
    main.o(.text) refers to tm1640.o(.text) for TM1640_display
    main.o(.text) refers to delay.o(.text) for delay_ms
    main.o(.text) refers to sys.o(.text) for RCC_Configuration
    main.o(.text) refers to i2c.o(.text) for I2C_Configuration
    main.o(.text) refers to tim.o(.text) for TIM3_Init
    main.o(.text) refers to nvic.o(.text) for KEY_INT_INIT
    main.o(.text) refers to main.o(.bss) for oled_display_debug
    main.o(.text) refers to nvic.o(.data) for debug
    main.o(.text) refers to tim.o(.data) for show_time
    sys.o(.text) refers to misc.o(.text) for NVIC_PriorityGroupConfig
    sys.o(.text) refers to stm32f10x_rcc.o(.text) for RCC_DeInit
    sys.o(.text) refers to stm32f10x_flash.o(.text) for FLASH_SetLatency
    i2c.o(.text) refers to stm32f10x_rcc.o(.text) for RCC_APB2PeriphClockCmd
    i2c.o(.text) refers to stm32f10x_gpio.o(.text) for GPIO_Init
    i2c.o(.text) refers to stm32f10x_i2c.o(.text) for I2C_Init
    tim.o(.text) refers to misc.o(.text) for NVIC_Init
    tim.o(.text) refers to stm32f10x_rcc.o(.text) for RCC_APB1PeriphClockCmd
    tim.o(.text) refers to stm32f10x_tim.o(.text) for TIM_TimeBaseInit
    tim.o(.text) refers to tim.o(.data) for time
    nvic.o(.text) refers to stm32f10x_rcc.o(.text) for RCC_APB2PeriphClockCmd
    nvic.o(.text) refers to stm32f10x_gpio.o(.text) for GPIO_EXTILineConfig
    nvic.o(.text) refers to stm32f10x_exti.o(.text) for EXTI_Init
    nvic.o(.text) refers to misc.o(.text) for NVIC_Init
    nvic.o(.text) refers to delay.o(.text) for delay_ms
    nvic.o(.text) refers to nvic.o(.data) for time_state
    nvic.o(.text) refers to tim.o(.data) for time
    relay.o(.text) refers to stm32f10x_rcc.o(.text) for RCC_APB2PeriphClockCmd
    relay.o(.text) refers to stm32f10x_gpio.o(.text) for GPIO_Init
    oled0561.o(.text) refers to rt_memcpy_w.o(.text) for __aeabi_memcpy4
    oled0561.o(.text) refers to i2c.o(.text) for I2C_SAND_BUFFER
    oled0561.o(.text) refers to oled0561.o(.constdata) for ASCII_8x16
[...]
    ../clib/printf.c                         0x00000000   Number         0  _printf_fp_dec.o ABSOLUTE
    ../clib/printf.c                         0x00000000   Number         0  _printf_intcommon.o ABSOLUTE
    ../clib/printf.c                         0x00000000   Number         0  _printf_pad.o ABSOLUTE
    ../clib/printf.c                         0x00000000   Number         0  noretval__2sprintf.o ABSOLUTE
    ../clib/printf.c                         0x00000000   Number         0  __2sprintf.o ABSOLUTE
    ../clib/printf.c                         0x00000000   Number         0  _printf_char_common.o ABSOLUTE
    ../clib/printf.c                         0x00000000   Number         0  _printf_dec.o ABSOLUTE
    ../clib/printf.c                         0x00000000   Number         0  __printf_ss_wp.o ABSOLUTE
    ../clib/printf.c                         0x00000000   Number         0  __printf_flags_ss_wp.o ABSOLUTE
    ../clib/printf.c                         0x00000000   Number         0  __printf_wp.o ABSOLUTE
    ../clib/printf.c                         0x00000000   Number         0  __printf_flags.o ABSOLUTE
    ../clib/printf.c                         0x00000000   Number         0  __printf_flags_ss.o ABSOLUTE
    ../clib/printf.c                         0x00000000   Number         0  __printf_ss.o ABSOLUTE
    ../clib/printf.c                         0x00000000   Number         0  __printf.o ABSOLUTE
    ../clib/printf.c                         0x00000000   Number         0  _printf_fp_infnan.o ABSOLUTE
    ../clib/printf.c                         0x00000000   Number         0  __printf_flags_wp.o ABSOLUTE
    ../clib/printf.c                         0x00000000   Number         0  __printf_nopercent.o ABSOLUTE
    ../clib/printf.c                         0x00000000   Number         0  _sputc.o ABSOLUTE
    ../clib/printf_percent.s                 0x00000000   Number         0  _printf_percent_end.o ABSOLUTE
    ../clib/printf_percent.s                 0x00000000   Number         0  _printf_f.o ABSOLUTE
    ../clib/printf_percent.s                 0x00000000   Number         0  _printf_percent.o ABSOLUTE
    ../clib/printf_percent.s                 0x00000000   Number         0  _printf_d.o ABSOLUTE
    ../clib/signal.c                         0x00000000   Number         0  defsig_rtmem_inner.o ABSOLUTE
    ../clib/signal.c                         0x00000000   Number         0  defsig_general.o ABSOLUTE
    ../clib/signal.c                         0x00000000   Number         0  __raise.o ABSOLUTE
    ../clib/signal.c                         0x00000000   Number         0  defsig_rtmem_formal.o ABSOLUTE
    ../clib/signal.c                         0x00000000   Number         0  defsig_abrt_inner.o ABSOLUTE
    ../clib/signal.c                         0x00000000   Number         0  defsig_fpe_inner.o ABSOLUTE
    ../clib/signal.c                         0x00000000   Number         0  defsig_rtred_inner.o ABSOLUTE
    ../clib/signal.c                         0x00000000   Number         0  defsig_stak_inner.o ABSOLUTE
    ../clib/signal.c                         0x00000000   Number         0  defsig_pvfn_inner.o ABSOLUTE
    ../clib/signal.c                         0x00000000   Number         0  defsig_cppl_inner.o ABSOLUTE
    ../clib/signal.c                         0x00000000   Number         0  defsig_segv_inner.o ABSOLUTE
    ../clib/signal.c                         0x00000000   Number         0  defsig_other.o ABSOLUTE
    ../clib/signal.c                         0x00000000   Number         0  defsig_rtmem_outer.o ABSOLUTE
    ../clib/signal.c                         0x00000000   Number         0  defsig_exit.o ABSOLUTE
    ../clib/signal.s                         0x00000000   Number         0  defsig.o ABSOLUTE
    ../clib/stdlib.c                         0x00000000   Number         0  exit.o ABSOLUTE
    ../fplib/dretinf.s                       0x00000000   Number         0  dretinf.o ABSOLUTE
    ../fplib/f2d.s                           0x00000000   Number         0  f2d.o ABSOLUTE
    ../fplib/fdiv.s                          0x00000000   Number         0  fdiv.o ABSOLUTE
    ../fplib/fflt.s                          0x00000000   Number         0  fflt_clz.o ABSOLUTE
    ../fplib/fnaninf.s                       0x00000000   Number         0  fnaninf.o ABSOLUTE
    ../fplib/fpinit.s                        0x00000000   Number         0  fpinit.o ABSOLUTE
    ../fplib/fretinf.s                       0x00000000   Number         0  fretinf.o ABSOLUTE
    ../fplib/istatus.s                       0x00000000   Number         0  istatus.o ABSOLUTE
    ../fplib/printf1.s                       0x00000000   Number         0  printf1.o ABSOLUTE
    ../fplib/usenofp.s                       0x00000000   Number         0  usenofp.o ABSOLUTE
    ../mathlib/fpclassify.c                  0x00000000   Number         0  fpclassify.o ABSOLUTE
    Basic\delay\delay.c                      0x00000000   Number         0  delay.o ABSOLUTE
    Basic\i2c\i2c.c                          0x00000000   Number         0  i2c.o ABSOLUTE
    Basic\nvic\NVIC.c                        0x00000000   Number         0  nvic.o ABSOLUTE
    Basic\sys\sys.c                          0x00000000   Number         0  sys.o ABSOLUTE
    Basic\tim\tim.c                          0x00000000   Number         0  tim.o ABSOLUTE
    CMSIS\\core_cm3.c                        0x00000000   Number         0  core_cm3.o ABSOLUTE
    CMSIS\core_cm3.c                         0x00000000   Number         0  core_cm3.o ABSOLUTE
    CMSIS\system_stm32f10x.c                 0x00000000   Number         0  system_stm32f10x.o ABSOLUTE
    Hardware\CAN\can.c                       0x00000000   Number         0  can.o ABSOLUTE
    Hardware\KEY\key.c                       0x00000000   Number         0  key.o ABSOLUTE
    Hardware\LED\led.c                       0x00000000   Number         0  led.o ABSOLUTE
    Hardware\OLED0561\oled0561.c             0x00000000   Number         0  oled0561.o ABSOLUTE
    Hardware\RELAY\relay.c                   0x00000000   Number         0  relay.o ABSOLUTE
    Hardware\TM1640\TM1640.c                 0x00000000   Number         0  tm1640.o ABSOLUTE
    Lib\src\misc.c                           0x00000000   Number         0  misc.o ABSOLUTE
    Lib\src\stm32f10x_can.c                  0x00000000   Number         0  stm32f10x_can.o ABSOLUTE
    Lib\src\stm32f10x_exti.c                 0x00000000   Number         0  stm32f10x_exti.o ABSOLUTE
    Lib\src\stm32f10x_flash.c                0x00000000   Number         0  stm32f10x_flash.o ABSOLUTE
    Lib\src\stm32f10x_gpio.c                 0x00000000   Number         0  stm32f10x_gpio.o ABSOLUTE
    Lib\src\stm32f10x_i2c.c                  0x00000000   Number         0  stm32f10x_i2c.o ABSOLUTE
    Lib\src\stm32f10x_pwr.c                  0x00000000   Number         0  stm32f10x_pwr.o ABSOLUTE
    Lib\src\stm32f10x_rcc.c                  0x00000000   Number         0  stm32f10x_rcc.o ABSOLUTE
    Lib\src\stm32f10x_rtc.c                  0x00000000   Number         0  stm32f10x_rtc.o ABSOLUTE
    Lib\src\stm32f10x_tim.c                  0x00000000   Number         0  stm32f10x_tim.o ABSOLUTE
    Lib\src\stm32f10x_usart.c                0x00000000   Number         0  stm32f10x_usart.o ABSOLUTE
    Startup\startup_stm32f10x_md.s           0x00000000   Number         0  startup_stm32f10x_md.o ABSOLUTE
    User\main.c                              0x00000000   Number         0  main.o ABSOLUTE
    User\stm32f10x_it.c                      0x00000000   Number         0  stm32f10x_it.o ABSOLUTE
    dc.s                                     0x00000000   Number         0  dc.o ABSOLUTE
    RESET                                    0x08000000   Section      236  startup_stm32f10x_md.o(RESET)
    !!!main                                  0x080000ec   Section        8  __main.o(!!!main)
    !!!scatter                               0x080000f4   Section       52  __scatter.o(!!!scatter)
    !!handler_copy                           0x08000128   Section       26  __scatter_copy.o(!!handler_copy)
    !!handler_zi                             0x08000144   Section       28  __scatter_zi.o(!!handler_zi)
    .ARM.Collect$$_printf_percent$$00000000  0x08000160   Section        0  _printf_percent.o(.ARM.Collect$$_printf_percent$$00000000)
    .ARM.Collect$$_printf_percent$$00000003  0x08000160   Section        6  _printf_f.o(.ARM.Collect$$_printf_percent$$00000003)
    .ARM.Collect$$_printf_percent$$00000009  0x08000166   Section        6  _printf_d.o(.ARM.Collect$$_printf_percent$$00000009)
    .ARM.Collect$$_printf_percent$$00000017  0x0800016c   Section        4  _printf_percent_end.o(.ARM.Collect$$_printf_percent$$00000017)
    .ARM.Collect$$libinit$$00000000          0x08000170   Section        2  libinit.o(.ARM.Collect$$libinit$$00000000)
    .ARM.Collect$$libinit$$00000002          0x08000172   Section        0  libinit2.o(.ARM.Collect$$libinit$$00000002)
    .ARM.Collect$$libinit$$00000004          0x08000172   Section        0  libinit2.o(.ARM.Collect$$libinit$$00000004)
    .ARM.Collect$$libinit$$0000000A          0x08000172   Section        0  libinit2.o(.ARM.Collect$$libinit$$0000000A)
    .ARM.Collect$$libinit$$0000000C          0x08000172   Section        0  libinit2.o(.ARM.Collect$$libinit$$0000000C)
    .ARM.Collect$$libinit$$0000000E          0x08000172   Section        0  libinit2.o(.ARM.Collect$$libinit$$0000000E)
    .ARM.Collect$$libinit$$0000000F          0x08000172   Section        6  libinit2.o(.ARM.Collect$$libinit$$0000000F)
    .ARM.Collect$$libinit$$00000011          0x08000178   Section        0  libinit2.o(.ARM.Collect$$libinit$$00000011)
    .ARM.Collect$$libinit$$00000013          0x08000178   Section        0  libinit2.o(.ARM.Collect$$libinit$$00000013)
    .ARM.Collect$$libinit$$00000015          0x08000178   Section        0  libinit2.o(.ARM.Collect$$libinit$$00000015)
    .ARM.Collect$$libinit$$00000016          0x08000178   Section       10  libinit2.o(.ARM.Collect$$libinit$$00000016)
    .ARM.Collect$$libinit$$00000017          0x08000182   Section        0  libinit2.o(.ARM.Collect$$libinit$$00000017)
    .ARM.Collect$$libinit$$00000019          0x08000182   Section        0  libinit2.o(.ARM.Collect$$libinit$$00000019)
    .ARM.Collect$$libinit$$0000001B          0x08000182   Section        0  libinit2.o(.ARM.Collect$$libinit$$0000001B)
    .ARM.Collect$$libinit$$0000001D          0x08000182   Section        0  libinit2.o(.ARM.Collect$$libinit$$0000001D)
    .ARM.Collect$$libinit$$0000001F          0x08000182   Section        0  libinit2.o(.ARM.Collect$$libinit$$0000001F)
    .ARM.Collect$$libinit$$00000021          0x08000182   Section        0  libinit2.o(.ARM.Collect$$libinit$$00000021)
    .ARM.Collect$$libinit$$00000023          0x08000182   Section        0  libinit2.o(.ARM.Collect$$libinit$$00000023)
    .ARM.Collect$$libinit$$00000025          0x08000182   Section        0  libinit2.o(.ARM.Collect$$libinit$$00000025)
    .ARM.Collect$$libinit$$0000002C          0x08000182   Section        0  libinit2.o(.ARM.Collect$$libinit$$0000002C)
    .ARM.Collect$$libinit$$0000002E          0x08000182   Section        0  libinit2.o(.ARM.Collect$$libinit$$0000002E)
    .ARM.Collect$$libinit$$00000030          0x08000182   Section        0  libinit2.o(.ARM.Collect$$libinit$$00000030)
    .ARM.Collect$$libinit$$00000032          0x08000182   Section        0  libinit2.o(.ARM.Collect$$libinit$$00000032)
    .ARM.Collect$$libinit$$00000033          0x08000182   Section        2  libinit2.o(.ARM.Collect$$libinit$$00000033)
    .ARM.Collect$$libshutdown$$00000000      0x08000184   Section        2  libshutdown.o(.ARM.Collect$$libshutdown$$00000000)
    .ARM.Collect$$libshutdown$$00000002      0x08000186   Section        0  libshutdown2.o(.ARM.Collect$$libshutdown$$00000002)
    .ARM.Collect$$libshutdown$$00000004      0x08000186   Section        0  libshutdown2.o(.ARM.Collect$$libshutdown$$00000004)
    .ARM.Collect$$libshutdown$$00000007      0x08000186   Section        0  libshutdown2.o(.ARM.Collect$$libshutdown$$00000007)
    .ARM.Collect$$libshutdown$$0000000A      0x08000186   Section        0  libshutdown2.o(.ARM.Collect$$libshutdown$$0000000A)
    .ARM.Collect$$libshutdown$$0000000C      0x08000186   Section        0  libshutdown2.o(.ARM.Collect$$libshutdown$$0000000C)
    .ARM.Collect$$libshutdown$$0000000F      0x08000186   Section        0  libshutdown2.o(.ARM.Collect$$libshutdown$$0000000F)
    .ARM.Collect$$libshutdown$$00000010      0x08000186   Section        2  libshutdown2.o(.ARM.Collect$$libshutdown$$00000010)
    .ARM.Collect$$rtentry$$00000000          0x08000188   Section        0  __rtentry.o(.ARM.Collect$$rtentry$$00000000)
    .ARM.Collect$$rtentry$$00000002          0x08000188   Section        0  __rtentry2.o(.ARM.Collect$$rtentry$$00000002)
    .ARM.Collect$$rtentry$$00000004          0x08000188   Section        6  __rtentry4.o(.ARM.Collect$$rtentry$$00000004)
    .ARM.Collect$$rtentry$$00000009          0x0800018e   Section        0  __rtentry2.o(.ARM.Collect$$rtentry$$00000009)
    .ARM.Collect$$rtentry$$0000000A          0x0800018e   Section        4  __rtentry2.o(.ARM.Collect$$rtentry$$0000000A)
    .ARM.Collect$$rtentry$$0000000C          0x08000192   Section        0  __rtentry2.o(.ARM.Collect$$rtentry$$0000000C)
    .ARM.Collect$$rtentry$$0000000D          0x08000192   Section        8  __rtentry2.o(.ARM.Collect$$rtentry$$0000000D)
    .ARM.Collect$$rtexit$$00000000           0x0800019a   Section        2  rtexit.o(.ARM.Collect$$rtexit$$00000000)
    .ARM.Collect$$rtexit$$00000002           0x0800019c   Section        0  rtexit2.o(.ARM.Collect$$rtexit$$00000002)
    .ARM.Collect$$rtexit$$00000003           0x0800019c   Section        4  rtexit2.o(.ARM.Collect$$rtexit$$00000003)
    .ARM.Collect$$rtexit$$00000004           0x080001a0   Section        6  rtexit2.o(.ARM.Collect$$rtexit$$00000004)
    .text                                    0x080001a8   Section        0  system_stm32f10x.o(.text)
    SetSysClockTo72                          0x080001a9   Thumb Code   214  system_stm32f10x.o(.text)
    SetSysClock                              0x0800027f   Thumb Code     8  system_stm32f10x.o(.text)
    .text                                    0x08000388   Section        0  misc.o(.text)
    .text                                    0x08000464   Section        0  stm32f10x_gpio.o(.text)
    .text                                    0x080007c0   Section        0  stm32f10x_rcc.o(.text)
    .text                                    0x08000b64   Section        0  stm32f10x_i2c.o(.text)
    .text                                    0x08000f68   Section        0  stm32f10x_flash.o(.text)
    .text                                    0x08001524   Section        0  stm32f10x_exti.o(.text)
    .text                                    0x08001640   Section        0  stm32f10x_tim.o(.text)
    TI4_Config                               0x08001ae7   Thumb Code   130  stm32f10x_tim.o(.text)
    TI3_Config                               0x08001b7b   Thumb Code   122  stm32f10x_tim.o(.text)
    TI2_Config                               0x08001c0f   Thumb Code   130  stm32f10x_tim.o(.text)
    TI1_Config                               0x08001ca3   Thumb Code   108  stm32f10x_tim.o(.text)
    .text                                    0x0800245c   Section        0  stm32f10x_can.o(.text)
    CheckITStatus                            0x08002c5f   Thumb Code    18  stm32f10x_can.o(.text)
    .text                                    0x08002e4c   Section       64  startup_stm32f10x_md.o(.text)
    .text                                    0x08002e8c   Section        0  main.o(.text)
    .text                                    0x08003154   Section        0  stm32f10x_it.o(.text)
    .text                                    0x0800316e   Section        0  delay.o(.text)
    .text                                    0x080031d0   Section        0  sys.o(.text)
    .text                                    0x08003240   Section        0  i2c.o(.text)
    .text                                    0x08003540   Section        0  tim.o(.text)
    .text                                    0x080035dc   Section        0  nvic.o(.text)
    .text                                    0x08003750   Section        0  oled0561.o(.text)
    .text                                    0x080039c0   Section        0  can.o(.text)
    .text                                    0x08003bbc   Section        0  tm1640.o(.text)
    .text                                    0x08003dd0   Section        0  noretval__2sprintf.o(.text)
    .text                                    0x08003df8   Section        0  _printf_pad.o(.text)
    .text                                    0x08003e48   Section        0  _printf_dec.o(.text)
    .text                                    0x08003ec0   Section        0  __printf_wp.o(.text)
    .text                                    0x08003fce   Section      100  rt_memcpy_w.o(.text)
    .text                                    0x08004032   Section        0  heapauxi.o(.text)
    .text                                    0x08004038   Section        0  _printf_intcommon.o(.text)
    .text                                    0x080040ea   Section        0  _printf_fp_dec.o(.text)
    _fp_digits                               0x080040ed   Thumb Code   432  _printf_fp_dec.o(.text)
    .text                                    0x08004508   Section        0  _printf_char_common.o(.text)
    _printf_input_char                       0x08004509   Thumb Code    10  _printf_char_common.o(.text)
    .text                                    0x08004538   Section        0  _sputc.o(.text)
    .text                                    0x08004544   Section        8  rt_locale_intlibspace.o(.text)
    .text                                    0x0800454c   Section      138  lludiv10.o(.text)
    .text                                    0x080045d8   Section        0  _printf_fp_infnan.o(.text)
    .text                                    0x08004658   Section        0  bigflt0.o(.text)
    .text                                    0x0800473c   Section        8  libspace.o(.text)
    .text                                    0x08004744   Section       74  sys_stackheap_outer.o(.text)
    .text                                    0x0800478e   Section        0  exit.o(.text)
    .text                                    0x080047a0   Section      128  strcmpv7m.o(.text)
    .text                                    0x08004820   Section        0  sys_exit.o(.text)
    .text                                    0x0800482c   Section        2  use_no_semi.o(.text)
    .text                                    0x0800482e   Section        0  indicate_semi.o(.text)
    CL$$btod_d2e                             0x0800482e   Section       62  btod.o(CL$$btod_d2e)
    CL$$btod_d2e_denorm_low                  0x0800486c   Section       70  btod.o(CL$$btod_d2e_denorm_low)
    CL$$btod_d2e_norm_op1                    0x080048b2   Section       96  btod.o(CL$$btod_d2e_norm_op1)
    CL$$btod_div_common                      0x08004912   Section      824  btod.o(CL$$btod_div_common)
    CL$$btod_e2e                             0x08004c4a   Section      220  btod.o(CL$$btod_e2e)
    CL$$btod_ediv                            0x08004d26   Section       42  btod.o(CL$$btod_ediv)
    CL$$btod_emul                            0x08004d50   Section       42  btod.o(CL$$btod_emul)
    CL$$btod_mult_common                     0x08004d7a   Section      580  btod.o(CL$$btod_mult_common)
    i.__ARM_fpclassify                       0x08004fbe   Section        0  fpclassify.o(i.__ARM_fpclassify)
    i._is_digit                              0x08004fe6   Section        0  __printf_wp.o(i._is_digit)
    locale$$code                             0x08004ff4   Section       44  lc_numeric_c.o(locale$$code)
    x$fpl$dretinf                            0x08005020   Section       12  dretinf.o(x$fpl$dretinf)
    x$fpl$f2d                                0x0800502c   Section       86  f2d.o(x$fpl$f2d)
    x$fpl$fdiv                               0x08005084   Section      388  fdiv.o(x$fpl$fdiv)
    _fdiv1                                   0x08005085   Thumb Code     0  fdiv.o(x$fpl$fdiv)
    x$fpl$ffltu                              0x08005208   Section       38  fflt_clz.o(x$fpl$ffltu)
    x$fpl$fnaninf                            0x0800522e   Section      140  fnaninf.o(x$fpl$fnaninf)
    x$fpl$fretinf                            0x080052ba   Section       10  fretinf.o(x$fpl$fretinf)
    x$fpl$printf1                            0x080052c4   Section        4  printf1.o(x$fpl$printf1)
    .constdata                               0x080052c8   Section     2688  oled0561.o(.constdata)
    x$fpl$usenofp                            0x080052c8   Section        0  usenofp.o(x$fpl$usenofp)
    .constdata                               0x08005d48   Section      148  bigflt0.o(.constdata)
    tenpwrs_x                                0x08005d48   Data          60  bigflt0.o(.constdata)
    tenpwrs_i                                0x08005d84   Data          64  bigflt0.o(.constdata)
    locale$$data                             0x08005dfc   Section       28  lc_numeric_c.o(locale$$data)
    __lcnum_c_name                           0x08005e00   Data           2  lc_numeric_c.o(locale$$data)
    __lcnum_c_start                          0x08005e08   Data           0  lc_numeric_c.o(locale$$data)
    __lcnum_c_point                          0x08005e14   Data           0  lc_numeric_c.o(locale$$data)
    __lcnum_c_thousands                      0x08005e16   Data           0  lc_numeric_c.o(locale$$data)
    __lcnum_c_grouping                       0x08005e17   Data           0  lc_numeric_c.o(locale$$data)
    __lcnum_c_end                            0x08005e18   Data           0  lc_numeric_c.o(locale$$data)
    .data                                    0x20000000   Section       20  system_stm32f10x.o(.data)
    .data                                    0x20000014   Section       20  stm32f10x_rcc.o(.data)
    APBAHBPrescTable                         0x20000014   Data          16  stm32f10x_rcc.o(.data)
    ADCPrescTable                            0x20000024   Data           4  stm32f10x_rcc.o(.data)
    .data                                    0x20000028   Section        4  tim.o(.data)
    .data                                    0x2000002c   Section        2  nvic.o(.data)
    .bss                                     0x20000030   Section       16  main.o(.bss)
    .bss                                     0x20000040   Section       96  libspace.o(.bss)
    HEAP                                     0x200000a0   Section      512  startup_stm32f10x_md.o(HEAP)
    Heap_Mem                                 0x200000a0   Data         512  startup_stm32f10x_md.o(HEAP)
    STACK                                    0x200002a0   Section     1024  startup_stm32f10x_md.o(STACK)
    Stack_Mem                                0x200002a0   Data        1024  startup_stm32f10x_md.o(STACK)
    __initial_sp                             0x200006a0   Data           0  startup_stm32f10x_md.o(STACK)

    Global Symbols

    Symbol Name                              Value     Ov Type        Size  Object(Section)

    BuildAttributes$$THM_ISAv4$P$D$K$B$S$PE$A:L22UL41UL21$X:L11$S22US41US21$IEEE1$IW$USESV6$~STKCKD$USESV7$~SHL$OTIME$ROPI$IEEEJ$EBA8$UX$STANDARDLIB$REQ8$PRES8$EABIv2 0x00000000   Number         0  anon$$obj.o ABSOLUTE
    __ARM_use_no_argv                        0x00000000   Number         0  main.o ABSOLUTE
    _printf_flags                            0x00000000   Number         0  printf_stubs.o ABSOLUTE
    _printf_return_value                     0x00000000   Number         0  printf_stubs.o ABSOLUTE
    _printf_sizespec                         0x00000000   Number         0  printf_stubs.o ABSOLUTE
    _printf_widthprec                        0x00000000   Number         0  printf_stubs.o ABSOLUTE
    __ARM_exceptions_init                     - Undefined Weak Reference
    __alloca_initialize                       - Undefined Weak Reference
    __arm_preinit_                            - Undefined Weak Reference
    __cpp_initialize__aeabi_                  - Undefined Weak Reference
    __cxa_finalize                            - Undefined Weak Reference
    __sigvec_lookup                           - Undefined Weak Reference
    _atexit_init                              - Undefined Weak Reference
    _call_atexit_fns                          - Undefined Weak Reference
    _clock_init                               - Undefined Weak Reference
    _fp_trap_init                             - Undefined Weak Reference
    _fp_trap_shutdown                         - Undefined Weak Reference
    _get_lc_collate                           - Undefined Weak Reference
    _get_lc_ctype                             - Undefined Weak Reference
    _get_lc_monetary                          - Undefined Weak Reference
    _get_lc_time                              - Undefined Weak Reference
    _getenv_init                              - Undefined Weak Reference
    _handle_redirection                       - Undefined Weak Reference
    _init_alloc                               - Undefined Weak Reference
    _init_user_alloc                          - Undefined Weak Reference
    _initio                                   - Undefined Weak Reference
    _printf_truncate_signed                   - Undefined Weak Reference
    _printf_truncate_unsigned                 - Undefined Weak Reference
    _rand_init                                - Undefined Weak Reference
    _signal_finish                            - Undefined Weak Reference
    _signal_init                              - Undefined Weak Reference
    _terminate_alloc                          - Undefined Weak Reference
    _terminate_user_alloc                     - Undefined Weak Reference
    _terminateio                              - Undefined Weak Reference
    __Vectors_Size                           0x000000ec   Number         0  startup_stm32f10x_md.o ABSOLUTE
    __Vectors                                0x08000000   Data           4  startup_stm32f10x_md.o(RESET)
    __Vectors_End                            0x080000ec   Data           0  startup_stm32f10x_md.o(RESET)
    __main                                   0x080000ed   Thumb Code     8  __main.o(!!!main)
    __scatterload                            0x080000f5   Thumb Code     0  __scatter.o(!!!scatter)
    __scatterload_rt2                        0x080000f5   Thumb Code    44  __scatter.o(!!!scatter)
    __scatterload_rt2_thumb_only             0x080000f5   Thumb Code     0  __scatter.o(!!!scatter)
    __scatterload_null                       0x08000103   Thumb Code     0  __scatter.o(!!!scatter)
    __scatterload_copy                       0x08000129   Thumb Code    26  __scatter_copy.o(!!handler_copy)
    __scatterload_zeroinit                   0x08000145   Thumb Code    28  __scatter_zi.o(!!handler_zi)
    _printf_f                                0x08000161   Thumb Code     0  _printf_f.o(.ARM.Collect$$_printf_percent$$00000003)
    _printf_percent                          0x08000161   Thumb Code     0  _printf_percent.o(.ARM.Collect$$_printf_percent$$00000000)
    _printf_d                                0x08000167   Thumb Code     0  _printf_d.o(.ARM.Collect$$_printf_percent$$00000009)
    _printf_percent_end                      0x0800016d   Thumb Code     0  _printf_percent_end.o(.ARM.Collect$$_printf_percent$$00000017)
    __rt_lib_init                            0x08000171   Thumb Code     0  libinit.o(.ARM.Collect$$libinit$$00000000)
    __rt_lib_init_fp_1                       0x08000173   Thumb Code     0  libinit2.o(.ARM.Collect$$libinit$$00000002)
    __rt_lib_init_heap_1                     0x08000173   Thumb Code     0  libinit2.o(.ARM.Collect$$libinit$$0000000A)
    __rt_lib_init_lc_common                  0x08000173   Thumb Code     0  libinit2.o(.ARM.Collect$$libinit$$0000000F)
    __rt_lib_init_preinit_1                  0x08000173   Thumb Code     0  libinit2.o(.ARM.Collect$$libinit$$00000004)
    __rt_lib_init_rand_1                     0x08000173   Thumb Code     0  libinit2.o(.ARM.Collect$$libinit$$0000000E)
    __rt_lib_init_user_alloc_1               0x08000173   Thumb Code     0  libinit2.o(.ARM.Collect$$libinit$$0000000C)
    __rt_lib_init_lc_collate_1               0x08000179   Thumb Code     0  libinit2.o(.ARM.Collect$$libinit$$00000011)
    __rt_lib_init_lc_ctype_1                 0x08000179   Thumb Code     0  libinit2.o(.ARM.Collect$$libinit$$00000013)
    __rt_lib_init_lc_monetary_1              0x08000179   Thumb Code     0  libinit2.o(.ARM.Collect$$libinit$$00000015)
    __rt_lib_init_lc_numeric_2               0x08000179   Thumb Code     0  libinit2.o(.ARM.Collect$$libinit$$00000016)
    __rt_lib_init_alloca_1                   0x08000183   Thumb Code     0  libinit2.o(.ARM.Collect$$libinit$$0000002E)
    __rt_lib_init_argv_1                     0x08000183   Thumb Code     0  libinit2.o(.ARM.Collect$$libinit$$0000002C)
    __rt_lib_init_atexit_1                   0x08000183   Thumb Code     0  libinit2.o(.ARM.Collect$$libinit$$0000001B)
    __rt_lib_init_clock_1                    0x08000183   Thumb Code     0  libinit2.o(.ARM.Collect$$libinit$$00000021)
    __rt_lib_init_cpp_1                      0x08000183   Thumb Code     0  libinit2.o(.ARM.Collect$$libinit$$00000032)
    __rt_lib_init_exceptions_1               0x08000183   Thumb Code     0  libinit2.o(.ARM.Collect$$libinit$$00000030)
    __rt_lib_init_fp_trap_1                  0x08000183   Thumb Code     0  libinit2.o(.ARM.Collect$$libinit$$0000001F)
    __rt_lib_init_getenv_1                   0x08000183   Thumb Code     0  libinit2.o(.ARM.Collect$$libinit$$00000023)
    __rt_lib_init_lc_numeric_1               0x08000183   Thumb Code     0  libinit2.o(.ARM.Collect$$libinit$$00000017)
    __rt_lib_init_lc_time_1                  0x08000183   Thumb Code     0  libinit2.o(.ARM.Collect$$libinit$$00000019)
    __rt_lib_init_return                     0x08000183   Thumb Code     0  libinit2.o(.ARM.Collect$$libinit$$00000033)
    __rt_lib_init_signal_1                   0x08000183   Thumb Code     0  libinit2.o(.ARM.Collect$$libinit$$0000001D)
    __rt_lib_init_stdio_1                    0x08000183   Thumb Code     0  libinit2.o(.ARM.Collect$$libinit$$00000025)
    __rt_lib_shutdown                        0x08000185   Thumb Code     0  libshutdown.o(.ARM.Collect$$libshutdown$$00000000)
    __rt_lib_shutdown_cpp_1                  0x08000187   Thumb Code     0  libshutdown2.o(.ARM.Collect$$libshutdown$$00000002)
    __rt_lib_shutdown_fp_trap_1              0x08000187   Thumb Code     0  libshutdown2.o(.ARM.Collect$$libshutdown$$00000007)
    __rt_lib_shutdown_heap_1                 0x08000187   Thumb Code     0  libshutdown2.o(.ARM.Collect$$libshutdown$$0000000F)
    __rt_lib_shutdown_return                 0x08000187   Thumb Code     0  libshutdown2.o(.ARM.Collect$$libshutdown$$00000010)
    __rt_lib_shutdown_signal_1               0x08000187   Thumb Code     0  libshutdown2.o(.ARM.Collect$$libshutdown$$0000000A)
    __rt_lib_shutdown_stdio_1                0x08000187   Thumb Code     0  libshutdown2.o(.ARM.Collect$$libshutdown$$00000004)
    __rt_lib_shutdown_user_alloc_1           0x08000187   Thumb Code     0  libshutdown2.o(.ARM.Collect$$libshutdown$$0000000C)
    __rt_entry                               0x08000189   Thumb Code     0  __rtentry.o(.ARM.Collect$$rtentry$$00000000)
    __rt_entry_presh_1                       0x08000189   Thumb Code     0  __rtentry2.o(.ARM.Collect$$rtentry$$00000002)
    __rt_entry_sh                            0x08000189   Thumb Code     0  __rtentry4.o(.ARM.Collect$$rtentry$$00000004)
    __rt_entry_li                            0x0800018f   Thumb Code     0  __rtentry2.o(.ARM.Collect$$rtentry$$0000000A)
    __rt_entry_postsh_1                      0x0800018f   Thumb Code     0  __rtentry2.o(.ARM.Collect$$rtentry$$00000009)
    __rt_entry_main                          0x08000193   Thumb Code     0  __rtentry2.o(.ARM.Collect$$rtentry$$0000000D)
    __rt_entry_postli_1                      0x08000193   Thumb Code     0  __rtentry2.o(.ARM.Collect$$rtentry$$0000000C)
    __rt_exit                                0x0800019b   Thumb Code     0  rtexit.o(.ARM.Collect$$rtexit$$00000000)
    __rt_exit_ls                             0x0800019d   Thumb Code     0  rtexit2.o(.ARM.Collect$$rtexit$$00000003)
    __rt_exit_prels_1                        0x0800019d   Thumb Code     0  rtexit2.o(.ARM.Collect$$rtexit$$00000002)
    __rt_exit_exit                           0x080001a1   Thumb Code     0  rtexit2.o(.ARM.Collect$$rtexit$$00000004)
    SystemInit                               0x08000287   Thumb Code    78  system_stm32f10x.o(.text)
    SystemCoreClockUpdate                    0x080002d5   Thumb Code   142  system_stm32f10x.o(.text)
    NVIC_PriorityGroupConfig                 0x08000389   Thumb Code    10  misc.o(.text)
    NVIC_Init                                0x08000393   Thumb Code   100  misc.o(.text)
    NVIC_SetVectorTable                      0x080003f7   Thumb Code    14  misc.o(.text)
    NVIC_SystemLPConfig                      0x08000405   Thumb Code    34  misc.o(.text)
    SysTick_CLKSourceConfig                  0x08000427   Thumb Code    40  misc.o(.text)
    GPIO_DeInit                              0x08000465   Thumb Code   172  stm32f10x_gpio.o(.text)
    GPIO_AFIODeInit                          0x08000511   Thumb Code    20  stm32f10x_gpio.o(.text)
    GPIO_Init                                0x08000525   Thumb Code   278  stm32f10x_gpio.o(.text)
    GPIO_StructInit                          0x0800063b   Thumb Code    16  stm32f10x_gpio.o(.text)
    GPIO_ReadInputDataBit                    0x0800064b   Thumb Code    18  stm32f10x_gpio.o(.text)
    GPIO_ReadInputData                       0x0800065d   Thumb Code     8  stm32f10x_gpio.o(.text)
    GPIO_ReadOutputDataBit                   0x08000665   Thumb Code    18  stm32f10x_gpio.o(.text)
    GPIO_ReadOutputData                      0x08000677   Thumb Code     8  stm32f10x_gpio.o(.text)
    GPIO_SetBits                             0x0800067f   Thumb Code     4  stm32f10x_gpio.o(.text)
    GPIO_ResetBits                           0x08000683   Thumb Code     4  stm32f10x_gpio.o(.text)
    GPIO_WriteBit                            0x08000687   Thumb Code    10  stm32f10x_gpio.o(.text)
    GPIO_Write                               0x08000691   Thumb Code     4  stm32f10x_gpio.o(.text)
    GPIO_PinLockConfig                       0x08000695   Thumb Code    18  stm32f10x_gpio.o(.text)
    GPIO_EventOutputConfig                   0x080006a7   Thumb Code    26  stm32f10x_gpio.o(.text)
    GPIO_EventOutputCmd                      0x080006c1   Thumb Code     6  stm32f10x_gpio.o(.text)
    GPIO_PinRemapConfig                      0x080006c7   Thumb Code   138  stm32f10x_gpio.o(.text)
    GPIO_EXTILineConfig                      0x08000751   Thumb Code    66  stm32f10x_gpio.o(.text)
    GPIO_ETH_MediaInterfaceConfig            0x08000793   Thumb Code     8  stm32f10x_gpio.o(.text)
    RCC_DeInit                               0x080007c1   Thumb Code    64  stm32f10x_rcc.o(.text)
    RCC_HSEConfig                            0x08000801   Thumb Code    70  stm32f10x_rcc.o(.text)
    RCC_GetFlagStatus                        0x08000847   Thumb Code    56  stm32f10x_rcc.o(.text)
    RCC_WaitForHSEStartUp                    0x0800087f   Thumb Code    56  stm32f10x_rcc.o(.text)
    RCC_AdjustHSICalibrationValue            0x080008b7   Thumb Code    20  stm32f10x_rcc.o(.text)
    RCC_HSICmd                               0x080008cb   Thumb Code     6  stm32f10x_rcc.o(.text)
    RCC_PLLConfig                            0x080008d1   Thumb Code    24  stm32f10x_rcc.o(.text)
    RCC_PLLCmd                               0x080008e9   Thumb Code     6  stm32f10x_rcc.o(.text)
    RCC_SYSCLKConfig                         0x080008ef   Thumb Code    18  stm32f10x_rcc.o(.text)
    RCC_GetSYSCLKSource                      0x08000901   Thumb Code    10  stm32f10x_rcc.o(.text)
    RCC_HCLKConfig                           0x0800090b   Thumb Code    18  stm32f10x_rcc.o(.text)
    RCC_PCLK1Config                          0x0800091d   Thumb Code    18  stm32f10x_rcc.o(.text)
    RCC_PCLK2Config                          0x0800092f   Thumb Code    20  stm32f10x_rcc.o(.text)
    RCC_ITConfig                             0x08000943   Thumb Code    26  stm32f10x_rcc.o(.text)
    RCC_USBCLKConfig                         0x0800095d   Thumb Code     8  stm32f10x_rcc.o(.text)
    RCC_ADCCLKConfig                         0x08000965   Thumb Code    18  stm32f10x_rcc.o(.text)
    RCC_LSEConfig                            0x08000977   Thumb Code    50  stm32f10x_rcc.o(.text)
    RCC_LSICmd                               0x080009a9   Thumb Code     6  stm32f10x_rcc.o(.text)
    RCC_RTCCLKConfig                         0x080009af   Thumb Code    12  stm32f10x_rcc.o(.text)
    RCC_RTCCLKCmd                            0x080009bb   Thumb Code     8  stm32f10x_rcc.o(.text)
    RCC_GetClocksFreq                        0x080009c3   Thumb Code   192  stm32f10x_rcc.o(.text)
    RCC_AHBPeriphClockCmd                    0x08000a83   Thumb Code    26  stm32f10x_rcc.o(.text)
    RCC_APB2PeriphClockCmd                   0x08000a9d   Thumb Code    26  stm32f10x_rcc.o(.text)
    RCC_APB1PeriphClockCmd                   0x08000ab7   Thumb Code    26  stm32f10x_rcc.o(.text)
    RCC_APB2PeriphResetCmd                   0x08000ad1   Thumb Code    26  stm32f10x_rcc.o(.text)
    RCC_APB1PeriphResetCmd                   0x08000aeb   Thumb Code    26  stm32f10x_rcc.o(.text)
    RCC_BackupResetCmd                       0x08000b05   Thumb Code     8  stm32f10x_rcc.o(.text)
    RCC_ClockSecuritySystemCmd               0x08000b0d   Thumb Code     6  stm32f10x_rcc.o(.text)
    RCC_MCOConfig                            0x08000b13   Thumb Code     6  stm32f10x_rcc.o(.text)
    RCC_ClearFlag                            0x08000b19   Thumb Code    14  stm32f10x_rcc.o(.text)
    RCC_GetITStatus                          0x08000b27   Thumb Code    20  stm32f10x_rcc.o(.text)
    RCC_ClearITPendingBit                    0x08000b3b   Thumb Code     6  stm32f10x_rcc.o(.text)
    I2C_DeInit                               0x08000b65   Thumb Code    50  stm32f10x_i2c.o(.text)
    I2C_Init                                 0x08000b97   Thumb Code   222  stm32f10x_i2c.o(.text)
    I2C_StructInit                           0x08000c75   Thumb Code    30  stm32f10x_i2c.o(.text)
    I2C_Cmd                                  0x08000c93   Thumb Code    24  stm32f10x_i2c.o(.text)
    I2C_DMACmd                               0x08000cab   Thumb Code    24  stm32f10x_i2c.o(.text)
    I2C_DMALastTransferCmd                   0x08000cc3   Thumb Code    24  stm32f10x_i2c.o(.text)
    I2C_GenerateSTART                        0x08000cdb   Thumb Code    24  stm32f10x_i2c.o(.text)
    I2C_GenerateSTOP                         0x08000cf3   Thumb Code    24  stm32f10x_i2c.o(.text)
    I2C_AcknowledgeConfig                    0x08000d0b   Thumb Code    24  stm32f10x_i2c.o(.text)
    I2C_OwnAddress2Config                    0x08000d23   Thumb Code    22  stm32f10x_i2c.o(.text)
    I2C_DualAddressCmd                       0x08000d39   Thumb Code    24  stm32f10x_i2c.o(.text)
    I2C_GeneralCallCmd                       0x08000d51   Thumb Code    24  stm32f10x_i2c.o(.text)
    I2C_ITConfig                             0x08000d69   Thumb Code    18  stm32f10x_i2c.o(.text)
    I2C_SendData                             0x08000d7b   Thumb Code     4  stm32f10x_i2c.o(.text)
    I2C_ReceiveData                          0x08000d7f   Thumb Code     8  stm32f10x_i2c.o(.text)
    I2C_Send7bitAddress                      0x08000d87   Thumb Code    18  stm32f10x_i2c.o(.text)
    I2C_ReadRegister                         0x08000d99   Thumb Code    22  stm32f10x_i2c.o(.text)
    I2C_SoftwareResetCmd                     0x08000daf   Thumb Code    22  stm32f10x_i2c.o(.text)
    I2C_NACKPositionConfig                   0x08000dc5   Thumb Code    28  stm32f10x_i2c.o(.text)
    I2C_SMBusAlertConfig                     0x08000de1   Thumb Code    28  stm32f10x_i2c.o(.text)
    I2C_TransmitPEC                          0x08000dfd   Thumb Code    24  stm32f10x_i2c.o(.text)
    I2C_PECPositionConfig                    0x08000e15   Thumb Code    28  stm32f10x_i2c.o(.text)
    I2C_CalculatePEC                         0x08000e31   Thumb Code    24  stm32f10x_i2c.o(.text)
    I2C_GetPEC                               0x08000e49   Thumb Code     8  stm32f10x_i2c.o(.text)
    I2C_ARPCmd                               0x08000e51   Thumb Code    24  stm32f10x_i2c.o(.text)
    I2C_StretchClockCmd                      0x08000e69   Thumb Code    24  stm32f10x_i2c.o(.text)
    I2C_FastModeDutyCycleConfig              0x08000e81   Thumb Code    28  stm32f10x_i2c.o(.text)
    I2C_CheckEvent                           0x08000e9d   Thumb Code    42  stm32f10x_i2c.o(.text)
    I2C_GetLastEvent                         0x08000ec7   Thumb Code    26  stm32f10x_i2c.o(.text)
    I2C_GetFlagStatus                        0x08000ee1   Thumb Code    58  stm32f10x_i2c.o(.text)
    I2C_ClearFlag                            0x08000f1b   Thumb Code    12  stm32f10x_i2c.o(.text)
    I2C_GetITStatus                          0x08000f27   Thumb Code    54  stm32f10x_i2c.o(.text)
    I2C_ClearITPendingBit                    0x08000f5d   Thumb Code    12  stm32f10x_i2c.o(.text)
    FLASH_SetLatency                         0x08000f69   Thumb Code    18  stm32f10x_flash.o(.text)
    FLASH_HalfCycleAccessCmd                 0x08000f7b   Thumb Code    22  stm32f10x_flash.o(.text)
    FLASH_PrefetchBufferCmd                  0x08000f91   Thumb Code    22  stm32f10x_flash.o(.text)
    FLASH_Unlock                             0x08000fa7   Thumb Code    12  stm32f10x_flash.o(.text)
    FLASH_UnlockBank1                        0x08000fb3   Thumb Code    12  stm32f10x_flash.o(.text)
    FLASH_Lock                               0x08000fbf   Thumb Code    14  stm32f10x_flash.o(.text)
    FLASH_LockBank1                          0x08000fcd   Thumb Code    14  stm32f10x_flash.o(.text)
    FLASH_GetBank1Status                     0x08000fdb   Thumb Code    48  stm32f10x_flash.o(.text)
    FLASH_WaitForLastOperation               0x0800100b   Thumb Code    38  stm32f10x_flash.o(.text)
    FLASH_ErasePage                          0x08001031   Thumb Code    72  stm32f10x_flash.o(.text)
    FLASH_EraseAllPages                      0x08001079   Thumb Code    68  stm32f10x_flash.o(.text)
    FLASH_WaitForLastBank1Operation          0x080010bd   Thumb Code    38  stm32f10x_flash.o(.text)
    FLASH_EraseAllBank1Pages                 0x080010e3   Thumb Code    68  stm32f10x_flash.o(.text)
    FLASH_GetReadOutProtectionStatus         0x08001127   Thumb Code    20  stm32f10x_flash.o(.text)
    FLASH_EraseOptionBytes                   0x0800113b   Thumb Code   150  stm32f10x_flash.o(.text)
    FLASH_ProgramWord                        0x080011d1   Thumb Code   102  stm32f10x_flash.o(.text)
    FLASH_ProgramHalfWord                    0x08001237   Thumb Code    60  stm32f10x_flash.o(.text)
    FLASH_ProgramOptionByteData              0x08001273   Thumb Code    72  stm32f10x_flash.o(.text)
    FLASH_EnableWriteProtection              0x080012bb   Thumb Code   200  stm32f10x_flash.o(.text)
    FLASH_ReadOutProtection                  0x08001383   Thumb Code   156  stm32f10x_flash.o(.text)
    FLASH_UserOptionByteConfig               0x0800141f   Thumb Code    88  stm32f10x_flash.o(.text)
    FLASH_GetUserOptionByte                  0x08001477   Thumb Code     8  stm32f10x_flash.o(.text)
    FLASH_GetWriteProtectionOptionByte       0x0800147f   Thumb Code     6  stm32f10x_flash.o(.text)
    FLASH_GetPrefetchBufferStatus            0x08001485   Thumb Code    20  stm32f10x_flash.o(.text)
    FLASH_ITConfig                           0x08001499   Thumb Code    26  stm32f10x_flash.o(.text)
    FLASH_GetFlagStatus                      0x080014b3   Thumb Code    42  stm32f10x_flash.o(.text)
    FLASH_ClearFlag                          0x080014dd   Thumb Code     6  stm32f10x_flash.o(.text)
    FLASH_GetStatus                          0x080014e3   Thumb Code    48  stm32f10x_flash.o(.text)
    EXTI_DeInit                              0x08001525   Thumb Code    28  stm32f10x_exti.o(.text)
    EXTI_Init                                0x08001541   Thumb Code   142  stm32f10x_exti.o(.text)
    EXTI_StructInit                          0x080015cf   Thumb Code    16  stm32f10x_exti.o(.text)
    EXTI_GenerateSWInterrupt                 0x080015df   Thumb Code    16  stm32f10x_exti.o(.text)
    EXTI_GetFlagStatus                       0x080015ef   Thumb Code    22  stm32f10x_exti.o(.text)
    EXTI_ClearFlag                           0x08001605   Thumb Code     8  stm32f10x_exti.o(.text)
    EXTI_GetITStatus                         0x0800160d   Thumb Code    34  stm32f10x_exti.o(.text)
    EXTI_ClearITPendingBit                   0x0800162f   Thumb Code     8  stm32f10x_exti.o(.text)
    TIM_DeInit                               0x08001641   Thumb Code   424  stm32f10x_tim.o(.text)
    TIM_TimeBaseInit                         0x080017e9   Thumb Code   122  stm32f10x_tim.o(.text)
    TIM_OC1Init                              0x08001863   Thumb Code   132  stm32f10x_tim.o(.text)
    TIM_OC2Init                              0x080018e7   Thumb Code   154  stm32f10x_tim.o(.text)
    TIM_OC3Init                              0x08001981   Thumb Code   150  stm32f10x_tim.o(.text)
    TIM_OC4Init                              0x08001a17   Thumb Code   182  stm32f10x_tim.o(.text)
    TIM_SetIC4Prescaler                      0x08001acd   Thumb Code    26  stm32f10x_tim.o(.text)
    TIM_SetIC3Prescaler                      0x08001b69   Thumb Code    18  stm32f10x_tim.o(.text)
    TIM_SetIC2Prescaler                      0x08001bf5   Thumb Code    26  stm32f10x_tim.o(.text)
    TIM_SetIC1Prescaler                      0x08001c91   Thumb Code    18  stm32f10x_tim.o(.text)
    TIM_ICInit                               0x08001d0f   Thumb Code   150  stm32f10x_tim.o(.text)
    TIM_PWMIConfig                           0x08001da5   Thumb Code   124  stm32f10x_tim.o(.text)
    TIM_BDTRConfig                           0x08001e21   Thumb Code    32  stm32f10x_tim.o(.text)
    TIM_TimeBaseStructInit                   0x08001e41   Thumb Code    18  stm32f10x_tim.o(.text)
    TIM_OCStructInit                         0x08001e53   Thumb Code    20  stm32f10x_tim.o(.text)
    TIM_ICStructInit                         0x08001e67   Thumb Code    18  stm32f10x_tim.o(.text)
    TIM_BDTRStructInit                       0x08001e79   Thumb Code    40  stm32f10x_tim.o(.text)
    TIM_Cmd                                  0x08001ea1   Thumb Code    24  stm32f10x_tim.o(.text)
    TIM_CtrlPWMOutputs                       0x08001eb9   Thumb Code    30  stm32f10x_tim.o(.text)
    TIM_ITConfig                             0x08001ed7   Thumb Code    18  stm32f10x_tim.o(.text)
    TIM_GenerateEvent                        0x08001ee9   Thumb Code     4  stm32f10x_tim.o(.text)
    TIM_DMAConfig                            0x08001eed   Thumb Code    10  stm32f10x_tim.o(.text)
    TIM_DMACmd                               0x08001ef7   Thumb Code    18  stm32f10x_tim.o(.text)
    TIM_InternalClockConfig                  0x08001f09   Thumb Code    12  stm32f10x_tim.o(.text)
    TIM_SelectInputTrigger                   0x08001f15   Thumb Code    18  stm32f10x_tim.o(.text)
    TIM_ITRxExternalClockConfig              0x08001f27   Thumb Code    24  stm32f10x_tim.o(.text)
    TIM_TIxExternalClockConfig               0x08001f3f   Thumb Code    62  stm32f10x_tim.o(.text)
    TIM_ETRConfig                            0x08001f7d   Thumb Code    28  stm32f10x_tim.o(.text)
    TIM_ETRClockMode1Config                  0x08001f99   Thumb Code    54  stm32f10x_tim.o(.text)
    TIM_ETRClockMode2Config                  0x08001fcf   Thumb Code    32  stm32f10x_tim.o(.text)
    TIM_PrescalerConfig                      0x08001fef   Thumb Code     6  stm32f10x_tim.o(.text)
    TIM_CounterModeConfig                    0x08001ff5   Thumb Code    18  stm32f10x_tim.o(.text)
    TIM_EncoderInterfaceConfig               0x08002007   Thumb Code    66  stm32f10x_tim.o(.text)
    TIM_ForcedOC1Config                      0x08002049   Thumb Code    18  stm32f10x_tim.o(.text)
    TIM_ForcedOC2Config                      0x0800205b   Thumb Code    26  stm32f10x_tim.o(.text)
    TIM_ForcedOC3Config                      0x08002075   Thumb Code    18  stm32f10x_tim.o(.text)
    TIM_ForcedOC4Config                      0x08002087   Thumb Code    26  stm32f10x_tim.o(.text)
    TIM_ARRPreloadConfig                     0x080020a1   Thumb Code    24  stm32f10x_tim.o(.text)
    TIM_SelectCOM                            0x080020b9   Thumb Code    24  stm32f10x_tim.o(.text)
    TIM_SelectCCDMA                          0x080020d1   Thumb Code    24  stm32f10x_tim.o(.text)
    TIM_CCPreloadControl                     0x080020e9   Thumb Code    24  stm32f10x_tim.o(.text)
    TIM_OC1PreloadConfig                     0x08002101   Thumb Code    18  stm32f10x_tim.o(.text)
    TIM_OC2PreloadConfig                     0x08002113   Thumb Code    26  stm32f10x_tim.o(.text)
    TIM_OC3PreloadConfig                     0x0800212d   Thumb Code    18  stm32f10x_tim.o(.text)
    TIM_OC4PreloadConfig                     0x0800213f   Thumb Code    26  stm32f10x_tim.o(.text)
    TIM_OC1FastConfig                        0x08002159   Thumb Code    18  stm32f10x_tim.o(.text)
    TIM_OC2FastConfig                        0x0800216b   Thumb Code    26  stm32f10x_tim.o(.text)
    TIM_OC3FastConfig                        0x08002185   Thumb Code    18  stm32f10x_tim.o(.text)
    TIM_OC4FastConfig                        0x08002197   Thumb Code    26  stm32f10x_tim.o(.text)
    TIM_ClearOC1Ref                          0x080021b1   Thumb Code    18  stm32f10x_tim.o(.text)
    TIM_ClearOC2Ref                          0x080021c3   Thumb Code    24  stm32f10x_tim.o(.text)
    TIM_ClearOC3Ref                          0x080021db   Thumb Code    18  stm32f10x_tim.o(.text)
    TIM_ClearOC4Ref                          0x080021ed   Thumb Code    24  stm32f10x_tim.o(.text)
    TIM_OC1PolarityConfig                    0x08002205   Thumb Code    18  stm32f10x_tim.o(.text)
    TIM_OC1NPolarityConfig                   0x08002217   Thumb Code    18  stm32f10x_tim.o(.text)
    TIM_OC2PolarityConfig                    0x08002229   Thumb Code    26  stm32f10x_tim.o(.text)
    TIM_OC2NPolarityConfig                   0x08002243   Thumb Code    26  stm32f10x_tim.o(.text)
    TIM_OC3PolarityConfig                    0x0800225d   Thumb Code    26  stm32f10x_tim.o(.text)
    TIM_OC3NPolarityConfig                   0x08002277   Thumb Code    26  stm32f10x_tim.o(.text)
    TIM_OC4PolarityConfig                    0x08002291   Thumb Code    26  stm32f10x_tim.o(.text)
    TIM_CCxCmd                               0x080022ab   Thumb Code    30  stm32f10x_tim.o(.text)
    TIM_CCxNCmd                              0x080022c9   Thumb Code    30  stm32f10x_tim.o(.text)
    TIM_SelectOCxM                           0x080022e7   Thumb Code    82  stm32f10x_tim.o(.text)
    TIM_UpdateDisableConfig                  0x08002339   Thumb Code    24  stm32f10x_tim.o(.text)
    TIM_UpdateRequestConfig                  0x08002351   Thumb Code    24  stm32f10x_tim.o(.text)
    TIM_SelectHallSensor                     0x08002369   Thumb Code    24  stm32f10x_tim.o(.text)
    TIM_SelectOnePulseMode                   0x08002381   Thumb Code    18  stm32f10x_tim.o(.text)
    TIM_SelectOutputTrigger                  0x08002393   Thumb Code    18  stm32f10x_tim.o(.text)
    TIM_SelectSlaveMode                      0x080023a5   Thumb Code    18  stm32f10x_tim.o(.text)
    TIM_SelectMasterSlaveMode                0x080023b7   Thumb Code    18  stm32f10x_tim.o(.text)
    TIM_SetCounter                           0x080023c9   Thumb Code     4  stm32f10x_tim.o(.text)
    TIM_SetAutoreload                        0x080023cd   Thumb Code     4  stm32f10x_tim.o(.text)
    TIM_SetCompare1                          0x080023d1   Thumb Code     4  stm32f10x_tim.o(.text)
    TIM_SetCompare2                          0x080023d5   Thumb Code     4  stm32f10x_tim.o(.text)
    TIM_SetCompare3                          0x080023d9   Thumb Code     4  stm32f10x_tim.o(.text)
    TIM_SetCompare4                          0x080023dd   Thumb Code     6  stm32f10x_tim.o(.text)
    TIM_SetClockDivision                     0x080023e3   Thumb Code    18  stm32f10x_tim.o(.text)
    TIM_GetCapture1                          0x080023f5   Thumb Code     6  stm32f10x_tim.o(.text)
    TIM_GetCapture2                          0x080023fb   Thumb Code     6  stm32f10x_tim.o(.text)
    TIM_GetCapture3                          0x08002401   Thumb Code     6  stm32f10x_tim.o(.text)
    TIM_GetCapture4                          0x08002407   Thumb Code     8  stm32f10x_tim.o(.text)
    TIM_GetCounter                           0x0800240f   Thumb Code     6  stm32f10x_tim.o(.text)
    TIM_GetPrescaler                         0x08002415   Thumb Code     6  stm32f10x_tim.o(.text)
    TIM_GetFlagStatus                        0x0800241b   Thumb Code    18  stm32f10x_tim.o(.text)
    TIM_ClearFlag                            0x0800242d   Thumb Code     6  stm32f10x_tim.o(.text)
    TIM_GetITStatus                          0x08002433   Thumb Code    34  stm32f10x_tim.o(.text)
    TIM_ClearITPendingBit                    0x08002455   Thumb Code     6  stm32f10x_tim.o(.text)
    CAN_DeInit                               0x0800245d   Thumb Code    50  stm32f10x_can.o(.text)
    CAN_Init                                 0x0800248f   Thumb Code   276  stm32f10x_can.o(.text)
    CAN_FilterInit                           0x080025a3   Thumb Code   258  stm32f10x_can.o(.text)
    CAN_StructInit                           0x080026a5   Thumb Code    32  stm32f10x_can.o(.text)
    CAN_SlaveStartBank                       0x080026c5   Thumb Code    48  stm32f10x_can.o(.text)
    CAN_DBGFreeze                            0x080026f5   Thumb Code    22  stm32f10x_can.o(.text)
    CAN_TTComModeCmd                         0x0800270b   Thumb Code   118  stm32f10x_can.o(.text)
    CAN_Transmit                             0x08002781   Thumb Code   304  stm32f10x_can.o(.text)
    CAN_TransmitStatus                       0x080028b1   Thumb Code   138  stm32f10x_can.o(.text)
    CAN_CancelTransmit                       0x0800293b   Thumb Code    48  stm32f10x_can.o(.text)
    CAN_Receive                              0x0800296b   Thumb Code   240  stm32f10x_can.o(.text)
    CAN_FIFORelease                          0x08002a5b   Thumb Code    22  stm32f10x_can.o(.text)
    CAN_MessagePending                       0x08002a71   Thumb Code    30  stm32f10x_can.o(.text)
    CAN_OperatingModeRequest                 0x08002a8f   Thumb Code   162  stm32f10x_can.o(.text)
    CAN_Sleep                                0x08002b31   Thumb Code    30  stm32f10x_can.o(.text)
    CAN_WakeUp                               0x08002b4f   Thumb Code    48  stm32f10x_can.o(.text)
    CAN_GetLastErrorCode                     0x08002b7f   Thumb Code    12  stm32f10x_can.o(.text)
    CAN_GetReceiveErrorCounter               0x08002b8b   Thumb Code    10  stm32f10x_can.o(.text)
    CAN_GetLSBTransmitErrorCounter           0x08002b95   Thumb Code    12  stm32f10x_can.o(.text)
    CAN_ITConfig                             0x08002ba1   Thumb Code    18  stm32f10x_can.o(.text)
    CAN_GetFlagStatus                        0x08002bb3   Thumb Code   120  stm32f10x_can.o(.text)
    CAN_ClearFlag                            0x08002c2b   Thumb Code    52  stm32f10x_can.o(.text)
    CAN_GetITStatus                          0x08002c71   Thumb Code   310  stm32f10x_can.o(.text)
    CAN_ClearITPendingBit                    0x08002da7   Thumb Code   162  stm32f10x_can.o(.text)
    Reset_Handler                            0x08002e4d   Thumb Code     8  startup_stm32f10x_md.o(.text)
    ADC1_2_IRQHandler                        0x08002e67   Thumb Code     0  startup_stm32f10x_md.o(.text)
    CAN1_RX1_IRQHandler                      0x08002e67   Thumb Code     0  startup_stm32f10x_md.o(.text)
    CAN1_SCE_IRQHandler                      0x08002e67   Thumb Code     0  startup_stm32f10x_md.o(.text)
    DMA1_Channel1_IRQHandler                 0x08002e67   Thumb Code     0  startup_stm32f10x_md.o(.text)
    DMA1_Channel2_IRQHandler                 0x08002e67   Thumb Code     0  startup_stm32f10x_md.o(.text)
    DMA1_Channel3_IRQHandler                 0x08002e67   Thumb Code     0  startup_stm32f10x_md.o(.text)
    DMA1_Channel4_IRQHandler                 0x08002e67   Thumb Code     0  startup_stm32f10x_md.o(.text)
    DMA1_Channel5_IRQHandler                 0x08002e67   Thumb Code     0  startup_stm32f10x_md.o(.text)
    DMA1_Channel6_IRQHandler                 0x08002e67   Thumb Code     0  startup_stm32f10x_md.o(.text)
    DMA1_Channel7_IRQHandler                 0x08002e67   Thumb Code     0  startup_stm32f10x_md.o(.text)
    EXTI0_IRQHandler                         0x08002e67   Thumb Code     0  startup_stm32f10x_md.o(.text)
    EXTI15_10_IRQHandler                     0x08002e67   Thumb Code     0  startup_stm32f10x_md.o(.text)
    EXTI4_IRQHandler                         0x08002e67   Thumb Code     0  startup_stm32f10x_md.o(.text)
    EXTI9_5_IRQHandler                       0x08002e67   Thumb Code     0  startup_stm32f10x_md.o(.text)
    FLASH_IRQHandler                         0x08002e67   Thumb Code     0  startup_stm32f10x_md.o(.text)
    I2C1_ER_IRQHandler                       0x08002e67   Thumb Code     0  startup_stm32f10x_md.o(.text)
    I2C1_EV_IRQHandler                       0x08002e67   Thumb Code     0  startup_stm32f10x_md.o(.text)
    I2C2_ER_IRQHandler                       0x08002e67   Thumb Code     0  startup_stm32f10x_md.o(.text)
    I2C2_EV_IRQHandler                       0x08002e67   Thumb Code     0  startup_stm32f10x_md.o(.text)
    PVD_IRQHandler                           0x08002e67   Thumb Code     0  startup_stm32f10x_md.o(.text)
    RCC_IRQHandler                           0x08002e67   Thumb Code     0  startup_stm32f10x_md.o(.text)
    RTCAlarm_IRQHandler                      0x08002e67   Thumb Code     0  startup_stm32f10x_md.o(.text)
    RTC_IRQHandler                           0x08002e67   Thumb Code     0  startup_stm32f10x_md.o(.text)
    SPI1_IRQHandler                          0x08002e67   Thumb Code     0  startup_stm32f10x_md.o(.text)
    SPI2_IRQHandler                          0x08002e67   Thumb Code     0  startup_stm32f10x_md.o(.text)
    TAMPER_IRQHandler                        0x08002e67   Thumb Code     0  startup_stm32f10x_md.o(.text)
    TIM1_BRK_IRQHandler                      0x08002e67   Thumb Code     0  startup_stm32f10x_md.o(.text)
    TIM1_CC_IRQHandler                       0x08002e67   Thumb Code     0  startup_stm32f10x_md.o(.text)
    TIM1_TRG_COM_IRQHandler                  0x08002e67   Thumb Code     0  startup_stm32f10x_md.o(.text)
    TIM1_UP_IRQHandler                       0x08002e67   Thumb Code     0  startup_stm32f10x_md.o(.text)
    TIM2_IRQHandler                          0x08002e67   Thumb Code     0  startup_stm32f10x_md.o(.text)
    TIM4_IRQHandler                          0x08002e67   Thumb Code     0  startup_stm32f10x_md.o(.text)
    USART1_IRQHandler                        0x08002e67   Thumb Code     0  startup_stm32f10x_md.o(.text)
    USART2_IRQHandler                        0x08002e67   Thumb Code     0  startup_stm32f10x_md.o(.text)
    USART3_IRQHandler                        0x08002e67   Thumb Code     0  startup_stm32f10x_md.o(.text)
    USBWakeUp_IRQHandler                     0x08002e67   Thumb Code     0  startup_stm32f10x_md.o(.text)
    USB_HP_CAN1_TX_IRQHandler                0x08002e67   Thumb Code     0  startup_stm32f10x_md.o(.text)
    WWDG_IRQHandler                          0x08002e67   Thumb Code     0  startup_stm32f10x_md.o(.text)
    __user_initial_stackheap                 0x08002e69   Thumb Code     0  startup_stm32f10x_md.o(.text)
    developer_debug                          0x08002e8d   Thumb Code   128  main.o(.text)
    time_behaviour_state_ctrl                0x08002f0d   Thumb Code   360  main.o(.text)
    BSP_init                                 0x08003075   Thumb Code    68  main.o(.text)
    main                                     0x080030b9   Thumb Code    16  main.o(.text)
    NMI_Handler                              0x08003155   Thumb Code     2  stm32f10x_it.o(.text)
    HardFault_Handler                        0x08003157   Thumb Code     4  stm32f10x_it.o(.text)
    MemManage_Handler                        0x0800315b   Thumb Code     4  stm32f10x_it.o(.text)
    BusFault_Handler                         0x0800315f   Thumb Code     4  stm32f10x_it.o(.text)
    UsageFault_Handler                       0x08003163   Thumb Code     4  stm32f10x_it.o(.text)
    SVC_Handler                              0x08003167   Thumb Code     2  stm32f10x_it.o(.text)
    DebugMon_Handler                         0x08003169   Thumb Code     2  stm32f10x_it.o(.text)
    PendSV_Handler                           0x0800316b   Thumb Code     2  stm32f10x_it.o(.text)
    SysTick_Handler                          0x0800316d   Thumb Code     2  stm32f10x_it.o(.text)
    delay_us                                 0x0800316f   Thumb Code    46  delay.o(.text)
    delay_ms                                 0x0800319d   Thumb Code    26  delay.o(.text)
    delay_s                                  0x080031b7   Thumb Code    26  delay.o(.text)
    NVIC_Configuration                       0x080031d1   Thumb Code    12  sys.o(.text)
    RCC_Configuration                        0x080031dd   Thumb Code   100  sys.o(.text)
    I2C_GPIO_Init                            0x08003241   Thumb Code    46  i2c.o(.text)
    I2C_Configuration                        0x0800326f   Thumb Code    62  i2c.o(.text)
    I2C_SAND_BUFFER                          0x080032ad   Thumb Code   132  i2c.o(.text)
    I2C_SAND_BYTE                            0x08003331   Thumb Code   112  i2c.o(.text)
    I2C_READ_BUFFER                          0x080033a1   Thumb Code   218  i2c.o(.text)
    I2C_READ_BYTE                            0x0800347b   Thumb Code   176  i2c.o(.text)
    TIM3_NVIC_Init                           0x08003541   Thumb Code    32  tim.o(.text)
    TIM3_Init                                0x08003561   Thumb Code    64  tim.o(.text)
    TIM3_IRQHandler                          0x080035a1   Thumb Code    52  tim.o(.text)
    KEY_INT_INIT                             0x080035dd   Thumb Code   204  nvic.o(.text)
    EXTI1_IRQHandler                         0x080036a9   Thumb Code    36  nvic.o(.text)
    EXTI2_IRQHandler                         0x080036cd   Thumb Code    62  nvic.o(.text)
    EXTI3_IRQHandler                         0x0800370b   Thumb Code    52  nvic.o(.text)
    OLED_DISPLAY_ON                          0x08003751   Thumb Code    30  oled0561.o(.text)
    OLED_DISPLAY_CLEAR                       0x0800376f   Thumb Code    68  oled0561.o(.text)
    OLED_DISPLAY_OFF                         0x080037b3   Thumb Code    22  oled0561.o(.text)
    OLED0561_Init                            0x080037c9   Thumb Code    16  oled0561.o(.text)
    OLED_DISPLAY_LIT                         0x080037d9   Thumb Code    26  oled0561.o(.text)
    OLED_DISPLAY_8x16                        0x080037f3   Thumb Code   150  oled0561.o(.text)
    OLED_DISPLAY_8x16_BUFFER                 0x08003889   Thumb Code    36  oled0561.o(.text)
    OLED_DISPLAY_16x16                       0x080038ad   Thumb Code   152  oled0561.o(.text)
    OLED_DISPLAY_PIC1                        0x08003945   Thumb Code    78  oled0561.o(.text)
    CAN1_Configuration                       0x080039c1   Thumb Code   190  can.o(.text)
    CAN_Send_Msg                             0x08003a7f   Thumb Code   104  can.o(.text)
    CAN_Receive_Msg                          0x08003ae7   Thumb Code    56  can.o(.text)
    USB_LP_CAN1_RX0_IRQHandler               0x08003b1f   Thumb Code   148  can.o(.text)
    TM1640_start                             0x08003bbd   Thumb Code    66  tm1640.o(.text)
    TM1640_stop                              0x08003bff   Thumb Code    48  tm1640.o(.text)
    TM1640_write                             0x08003c2f   Thumb Code   146  tm1640.o(.text)
    TM1640_display                           0x08003cc1   Thumb Code    48  tm1640.o(.text)
    TM1640_Init                              0x08003cf1   Thumb Code   108  tm1640.o(.text)
    TM1640_led                               0x08003d5d   Thumb Code    26  tm1640.o(.text)
    TM1640_display_add                       0x08003d77   Thumb Code    60  tm1640.o(.text)
    __2sprintf                               0x08003dd1   Thumb Code    34  noretval__2sprintf.o(.text)
    _printf_pre_padding                      0x08003df9   Thumb Code    44  _printf_pad.o(.text)
    _printf_post_padding                     0x08003e25   Thumb Code    34  _printf_pad.o(.text)
    _printf_int_dec                          0x08003e49   Thumb Code   104  _printf_dec.o(.text)
    __printf                                 0x08003ec1   Thumb Code   270  __printf_wp.o(.text)
    __aeabi_memcpy4                          0x08003fcf   Thumb Code     0  rt_memcpy_w.o(.text)
    __aeabi_memcpy8                          0x08003fcf   Thumb Code     0  rt_memcpy_w.o(.text)
    __rt_memcpy_w                            0x08003fcf   Thumb Code   100  rt_memcpy_w.o(.text)
    _memcpy_lastbytes_aligned                0x08004017   Thumb Code     0  rt_memcpy_w.o(.text)
    __use_two_region_memory                  0x08004033   Thumb Code     2  heapauxi.o(.text)
    __rt_heap_escrow$2region                 0x08004035   Thumb Code     2  heapauxi.o(.text)
    __rt_heap_expand$2region                 0x08004037   Thumb Code     2  heapauxi.o(.text)
    _printf_int_common                       0x08004039   Thumb Code   178  _printf_intcommon.o(.text)
    __lib_sel_fp_printf                      0x080040eb   Thumb Code     2  _printf_fp_dec.o(.text)
    _printf_fp_dec_real                      0x0800429d   Thumb Code   620  _printf_fp_dec.o(.text)
    _printf_char_common                      0x08004513   Thumb Code    32  _printf_char_common.o(.text)
    _sputc                                   0x08004539   Thumb Code    10  _sputc.o(.text)
    __rt_locale                              0x08004545   Thumb Code     8  rt_locale_intlibspace.o(.text)
    _ll_udiv10                               0x0800454d   Thumb Code   138  lludiv10.o(.text)
    _printf_fp_infnan                        0x080045d9   Thumb Code   112  _printf_fp_infnan.o(.text)
    _btod_etento                             0x08004659   Thumb Code   224  bigflt0.o(.text)
    __user_libspace                          0x0800473d   Thumb Code     8  libspace.o(.text)
    __user_perproc_libspace                  0x0800473d   Thumb Code     0  libspace.o(.text)
    __user_perthread_libspace                0x0800473d   Thumb Code     0  libspace.o(.text)
    __user_setup_stackheap                   0x08004745   Thumb Code    74  sys_stackheap_outer.o(.text)
    exit                                     0x0800478f   Thumb Code    18  exit.o(.text)
    strcmp                                   0x080047a1   Thumb Code   128  strcmpv7m.o(.text)
    _sys_exit                                0x08004821   Thumb Code     8  sys_exit.o(.text)
    __I$use$semihosting                      0x0800482d   Thumb Code     0  use_no_semi.o(.text)
    __use_no_semihosting_swi                 0x0800482d   Thumb Code     2  use_no_semi.o(.text)
    __semihosting_library_function           0x0800482f   Thumb Code     0  indicate_semi.o(.text)
    _btod_d2e                                0x0800482f   Thumb Code    62  btod.o(CL$$btod_d2e)
    _d2e_denorm_low                          0x0800486d   Thumb Code    70  btod.o(CL$$btod_d2e_denorm_low)
    _d2e_norm_op1                            0x080048b3   Thumb Code    96  btod.o(CL$$btod_d2e_norm_op1)
    __btod_div_common                        0x08004913   Thumb Code   696  btod.o(CL$$btod_div_common)
    _e2e                                     0x08004c4b   Thumb Code   220  btod.o(CL$$btod_e2e)
    _btod_ediv                               0x08004d27   Thumb Code    42  btod.o(CL$$btod_ediv)
    _btod_emul                               0x08004d51   Thumb Code    42  btod.o(CL$$btod_emul)
    __btod_mult_common                       0x08004d7b   Thumb Code   580  btod.o(CL$$btod_mult_common)
    __ARM_fpclassify                         0x08004fbf   Thumb Code    40  fpclassify.o(i.__ARM_fpclassify)
    _is_digit                                0x08004fe7   Thumb Code    14  __printf_wp.o(i._is_digit)
    _get_lc_numeric                          0x08004ff5   Thumb Code    44  lc_numeric_c.o(locale$$code)
    __fpl_dretinf                            0x08005021   Thumb Code    12  dretinf.o(x$fpl$dretinf)
    __aeabi_f2d                              0x0800502d   Thumb Code     0  f2d.o(x$fpl$f2d)
    _f2d                                     0x0800502d   Thumb Code    86  f2d.o(x$fpl$f2d)
    __aeabi_fdiv                             0x08005085   Thumb Code     0  fdiv.o(x$fpl$fdiv)
    _fdiv                                    0x08005085   Thumb Code   384  fdiv.o(x$fpl$fdiv)
    __aeabi_ui2f                             0x08005209   Thumb Code     0  fflt_clz.o(x$fpl$ffltu)
    _ffltu                                   0x08005209   Thumb Code    38  fflt_clz.o(x$fpl$ffltu)
    __fpl_fnaninf                            0x0800522f   Thumb Code   140  fnaninf.o(x$fpl$fnaninf)
    __fpl_fretinf                            0x080052bb   Thumb Code    10  fretinf.o(x$fpl$fretinf)
    _printf_fp_dec                           0x080052c5   Thumb Code     4  printf1.o(x$fpl$printf1)
    ASCII_8x16                               0x080052c8   Data        1536  oled0561.o(.constdata)
    __I$use$fp                               0x080052c8   Number         0  usenofp.o(x$fpl$usenofp)
    GB_16                                    0x080058c8   Data         128  oled0561.o(.constdata)
    PIC1                                     0x08005948   Data        1024  oled0561.o(.constdata)
    Region$$Table$$Base                      0x08005ddc   Number         0  anon$$obj.o(Region$$Table)
    Region$$Table$$Limit                     0x08005dfc   Number         0  anon$$obj.o(Region$$Table)
    SystemCoreClock                          0x20000000   Data           4  system_stm32f10x.o(.data)
    AHBPrescTable                            0x20000004   Data          16  system_stm32f10x.o(.data)
    time                                     0x20000028   Data           2  tim.o(.data)
    show_time                                0x2000002a   Data           2  tim.o(.data)
    time_state                               0x2000002c   Data           1  nvic.o(.data)
    debug                                    0x2000002d   Data           1  nvic.o(.data)
    oled_display_debug                       0x20000030   Data          16  main.o(.bss)
    __libspace_start                         0x20000040   Data          96  libspace.o(.bss)
    __temporary_stack_top$libspace           0x200000a0   Data           0  libspace.o(.bss)



==============================================================================

Memory Map of the image

  Image Entry point : 0x080000ed

  Load Region LR_IROM1 (Base: 0x08000000, Size: 0x00005e48, Max: 0x00010000, ABSOLUTE)

    Execution Region ER_IROM1 (Exec base: 0x08000000, Load base: 0x08000000, Size: 0x00005e18, Max: 0x00010000, ABSOLUTE)

    Exec Addr    Load Addr    Size         Type   Attr      Idx    E Section Name        Object

    0x08000000   0x08000000   0x000000ec   Data   RO          273    RESET               startup_stm32f10x_md.o
    0x080000ec   0x080000ec   0x00000008   Code   RO          744  * !!!main             c_w.l(__main.o)
    0x080000f4   0x080000f4   0x00000034   Code   RO          976    !!!scatter          c_w.l(__scatter.o)
    0x08000128   0x08000128   0x0000001a   Code   RO          978    !!handler_copy      c_w.l(__scatter_copy.o)
    0x08000142   0x08000142   0x00000002   PAD
    0x08000144   0x08000144   0x0000001c   Code   RO          980    !!handler_zi        c_w.l(__scatter_zi.o)
    0x08000160   0x08000160   0x00000000   Code   RO          739    .ARM.Collect$$_printf_percent$$00000000  c_w.l(_printf_percent.o)
    0x08000160   0x08000160   0x00000006   Code   RO          738    .ARM.Collect$$_printf_percent$$00000003  c_w.l(_printf_f.o)
    0x08000166   0x08000166   0x00000006   Code   RO          737    .ARM.Collect$$_printf_percent$$00000009  c_w.l(_printf_d.o)
    0x0800016c   0x0800016c   0x00000004   Code   RO          769    .ARM.Collect$$_printf_percent$$00000017  c_w.l(_printf_percent_end.o)
    0x08000170   0x08000170   0x00000002   Code   RO          849    .ARM.Collect$$libinit$$00000000  c_w.l(libinit.o)
    0x08000172   0x08000172   0x00000000   Code   RO          851    .ARM.Collect$$libinit$$00000002  c_w.l(libinit2.o)
    0x08000172   0x08000172   0x00000000   Code   RO          853    .ARM.Collect$$libinit$$00000004  c_w.l(libinit2.o)
    0x08000172   0x08000172   0x00000000   Code   RO          856    .ARM.Collect$$libinit$$0000000A  c_w.l(libinit2.o)
    0x08000172   0x08000172   0x00000000   Code   RO          858    .ARM.Collect$$libinit$$0000000C  c_w.l(libinit2.o)
    0x08000172   0x08000172   0x00000000   Code   RO          860    .ARM.Collect$$libinit$$0000000E  c_w.l(libinit2.o)
    0x08000172   0x08000172   0x00000006   Code   RO          861    .ARM.Collect$$libinit$$0000000F  c_w.l(libinit2.o)
    0x08000178   0x08000178   0x00000000   Code   RO          863    .ARM.Collect$$libinit$$00000011  c_w.l(libinit2.o)
    0x08000178   0x08000178   0x00000000   Code   RO          865    .ARM.Collect$$libinit$$00000013  c_w.l(libinit2.o)
    0x08000178   0x08000178   0x00000000   Code   RO          867    .ARM.Collect$$libinit$$00000015  c_w.l(libinit2.o)
    0x08000178   0x08000178   0x0000000a   Code   RO          868    .ARM.Collect$$libinit$$00000016  c_w.l(libinit2.o)
    0x08000182   0x08000182   0x00000000   Code   RO          869    .ARM.Collect$$libinit$$00000017  c_w.l(libinit2.o)
    0x08000182   0x08000182   0x00000000   Code   RO          871    .ARM.Collect$$libinit$$00000019  c_w.l(libinit2.o)
    0x08000182   0x08000182   0x00000000   Code   RO          873    .ARM.Collect$$libinit$$0000001B  c_w.l(libinit2.o)
    0x08000182   0x08000182   0x00000000   Code   RO          875    .ARM.Collect$$libinit$$0000001D  c_w.l(libinit2.o)
    0x08000182   0x08000182   0x00000000   Code   RO          877    .ARM.Collect$$libinit$$0000001F  c_w.l(libinit2.o)
    0x08000182   0x08000182   0x00000000   Code   RO          879    .ARM.Collect$$libinit$$00000021  c_w.l(libinit2.o)
    0x08000182   0x08000182   0x00000000   Code   RO          881    .ARM.Collect$$libinit$$00000023  c_w.l(libinit2.o)
    0x08000182   0x08000182   0x00000000   Code   RO          883    .ARM.Collect$$libinit$$00000025  c_w.l(libinit2.o)
    0x08000182   0x08000182   0x00000000   Code   RO          887    .ARM.Collect$$libinit$$0000002C  c_w.l(libinit2.o)
    0x08000182   0x08000182   0x00000000   Code   RO          889    .ARM.Collect$$libinit$$0000002E  c_w.l(libinit2.o)
    0x08000182   0x08000182   0x00000000   Code   RO          891    .ARM.Collect$$libinit$$00000030  c_w.l(libinit2.o)
    0x08000182   0x08000182   0x00000000   Code   RO          893    .ARM.Collect$$libinit$$00000032  c_w.l(libinit2.o)
    0x08000182   0x08000182   0x00000002   Code   RO          894    .ARM.Collect$$libinit$$00000033  c_w.l(libinit2.o)
    0x08000184   0x08000184   0x00000002   Code   RO          924    .ARM.Collect$$libshutdown$$00000000  c_w.l(libshutdown.o)
    0x08000186   0x08000186   0x00000000   Code   RO          935    .ARM.Collect$$libshutdown$$00000002  c_w.l(libshutdown2.o)
    0x08000186   0x08000186   0x00000000   Code   RO          937    .ARM.Collect$$libshutdown$$00000004  c_w.l(libshutdown2.o)
    0x08000186   0x08000186   0x00000000   Code   RO          940    .ARM.Collect$$libshutdown$$00000007  c_w.l(libshutdown2.o)
    0x08000186   0x08000186   0x00000000   Code   RO          943    .ARM.Collect$$libshutdown$$0000000A  c_w.l(libshutdown2.o)
    0x08000186   0x08000186   0x00000000   Code   RO          945    .ARM.Collect$$libshutdown$$0000000C  c_w.l(libshutdown2.o)
    0x08000186   0x08000186   0x00000000   Code   RO          948    .ARM.Collect$$libshutdown$$0000000F  c_w.l(libshutdown2.o)
    0x08000186   0x08000186   0x00000002   Code   RO          949    .ARM.Collect$$libshutdown$$00000010  c_w.l(libshutdown2.o)
    0x08000188   0x08000188   0x00000000   Code   RO          760    .ARM.Collect$$rtentry$$00000000  c_w.l(__rtentry.o)
    0x08000188   0x08000188   0x00000000   Code   RO          778    .ARM.Collect$$rtentry$$00000002  c_w.l(__rtentry2.o)
    0x08000188   0x08000188   0x00000006   Code   RO          790    .ARM.Collect$$rtentry$$00000004  c_w.l(__rtentry4.o)
    0x0800018e   0x0800018e   0x00000000   Code   RO          780    .ARM.Collect$$rtentry$$00000009  c_w.l(__rtentry2.o)
    0x0800018e   0x0800018e   0x00000004   Code   RO          781    .ARM.Collect$$rtentry$$0000000A  c_w.l(__rtentry2.o)
    0x08000192   0x08000192   0x00000000   Code   RO          783    .ARM.Collect$$rtentry$$0000000C  c_w.l(__rtentry2.o)
    0x08000192   0x08000192   0x00000008   Code   RO          784    .ARM.Collect$$rtentry$$0000000D  c_w.l(__rtentry2.o)
    0x0800019a   0x0800019a   0x00000002   Code   RO          895    .ARM.Collect$$rtexit$$00000000  c_w.l(rtexit.o)
    0x0800019c   0x0800019c   0x00000000   Code   RO          902    .ARM.Collect$$rtexit$$00000002  c_w.l(rtexit2.o)
    0x0800019c   0x0800019c   0x00000004   Code   RO          903    .ARM.Collect$$rtexit$$00000003  c_w.l(rtexit2.o)
    0x080001a0   0x080001a0   0x00000006   Code   RO          904    .ARM.Collect$$rtexit$$00000004  c_w.l(rtexit2.o)
    0x080001a6   0x080001a6   0x00000002   PAD
    0x080001a8   0x080001a8   0x000001e0   Code   RO           17    .text               system_stm32f10x.o
    0x08000388   0x08000388   0x000000dc   Code   RO          114    .text               misc.o
    0x08000464   0x08000464   0x0000035c   Code   RO          149    .text               stm32f10x_gpio.o
    0x080007c0   0x080007c0   0x000003a4   Code   RO          161    .text               stm32f10x_rcc.o
    0x08000b64   0x08000b64   0x00000404   Code   RO          199    .text               stm32f10x_i2c.o
    0x08000f68   0x08000f68   0x000005bc   Code   RO          223    .text               stm32f10x_flash.o
    0x08001524   0x08001524   0x0000011c   Code   RO          235    .text               stm32f10x_exti.o
    0x08001640   0x08001640   0x00000e1a   Code   RO          247    .text               stm32f10x_tim.o
    0x0800245a   0x0800245a   0x00000002   PAD
    0x0800245c   0x0800245c   0x000009f0   Code   RO          259    .text               stm32f10x_can.o
    0x08002e4c   0x08002e4c   0x00000040   Code   RO          274    .text               startup_stm32f10x_md.o
    0x08002e8c   0x08002e8c   0x000002c8   Code   RO          278    .text               main.o
    0x08003154   0x08003154   0x0000001a   Code   RO          411    .text               stm32f10x_it.o
    0x0800316e   0x0800316e   0x00000062   Code   RO          426    .text               delay.o
    0x080031d0   0x080031d0   0x00000070   Code   RO          444    .text               sys.o
    0x08003240   0x08003240   0x00000300   Code   RO          459    .text               i2c.o
    0x08003540   0x08003540   0x0000009c   Code   RO          474    .text               tim.o
    0x080035dc   0x080035dc   0x00000174   Code   RO          581    .text               nvic.o
    0x08003750   0x08003750   0x00000270   Code   RO          614    .text               oled0561.o
    0x080039c0   0x080039c0   0x000001fc   Code   RO          672    .text               can.o
    0x08003bbc   0x08003bbc   0x00000214   Code   RO          687    .text               tm1640.o
    0x08003dd0   0x08003dd0   0x00000028   Code   RO          709    .text               c_w.l(noretval__2sprintf.o)
    0x08003df8   0x08003df8   0x0000004e   Code   RO          713    .text               c_w.l(_printf_pad.o)
    0x08003e46   0x08003e46   0x00000002   PAD
    0x08003e48   0x08003e48   0x00000078   Code   RO          715    .text               c_w.l(_printf_dec.o)
    0x08003ec0   0x08003ec0   0x0000010e   Code   RO          725    .text               c_w.l(__printf_wp.o)
    0x08003fce   0x08003fce   0x00000064   Code   RO          740    .text               c_w.l(rt_memcpy_w.o)
    0x08004032   0x08004032   0x00000006   Code   RO          742    .text               c_w.l(heapauxi.o)
    0x08004038   0x08004038   0x000000b2   Code   RO          761    .text               c_w.l(_printf_intcommon.o)
    0x080040ea   0x080040ea   0x0000041e   Code   RO          763    .text               c_w.l(_printf_fp_dec.o)
    0x08004508   0x08004508   0x00000030   Code   RO          765    .text               c_w.l(_printf_char_common.o)
    0x08004538   0x08004538   0x0000000a   Code   RO          767    .text               c_w.l(_sputc.o)
    0x08004542   0x08004542   0x00000002   PAD
    0x08004544   0x08004544   0x00000008   Code   RO          795    .text               c_w.l(rt_locale_intlibspace.o)
    0x0800454c   0x0800454c   0x0000008a   Code   RO          797    .text               c_w.l(lludiv10.o)
    0x080045d6   0x080045d6   0x00000002   PAD
    0x080045d8   0x080045d8   0x00000080   Code   RO          799    .text               c_w.l(_printf_fp_infnan.o)
    0x08004658   0x08004658   0x000000e4   Code   RO          803    .text               c_w.l(bigflt0.o)
    0x0800473c   0x0800473c   0x00000008   Code   RO          835    .text               c_w.l(libspace.o)
    0x08004744   0x08004744   0x0000004a   Code   RO          838    .text               c_w.l(sys_stackheap_outer.o)
    0x0800478e   0x0800478e   0x00000012   Code   RO          840    .text               c_w.l(exit.o)
    0x080047a0   0x080047a0   0x00000080   Code   RO          842    .text               c_w.l(strcmpv7m.o)
    0x08004820   0x08004820   0x0000000c   Code   RO          914    .text               c_w.l(sys_exit.o)
    0x0800482c   0x0800482c   0x00000002   Code   RO          925    .text               c_w.l(use_no_semi.o)
    0x0800482e   0x0800482e   0x00000000   Code   RO          927    .text               c_w.l(indicate_semi.o)
    0x0800482e   0x0800482e   0x0000003e   Code   RO          806    CL$$btod_d2e        c_w.l(btod.o)
    0x0800486c   0x0800486c   0x00000046   Code   RO          808    CL$$btod_d2e_denorm_low  c_w.l(btod.o)
    0x080048b2   0x080048b2   0x00000060   Code   RO          807    CL$$btod_d2e_norm_op1  c_w.l(btod.o)
    0x08004912   0x08004912   0x00000338   Code   RO          816    CL$$btod_div_common  c_w.l(btod.o)
    0x08004c4a   0x08004c4a   0x000000dc   Code   RO          813    CL$$btod_e2e        c_w.l(btod.o)
    0x08004d26   0x08004d26   0x0000002a   Code   RO          810    CL$$btod_ediv       c_w.l(btod.o)
    0x08004d50   0x08004d50   0x0000002a   Code   RO          809    CL$$btod_emul       c_w.l(btod.o)
    0x08004d7a   0x08004d7a   0x00000244   Code   RO          815    CL$$btod_mult_common  c_w.l(btod.o)
    0x08004fbe   0x08004fbe   0x00000028   Code   RO          833    i.__ARM_fpclassify  m_ws.l(fpclassify.o)
    0x08004fe6   0x08004fe6   0x0000000e   Code   RO          727    i._is_digit         c_w.l(__printf_wp.o)
    0x08004ff4   0x08004ff4   0x0000002c   Code   RO          829    locale$$code        c_w.l(lc_numeric_c.o)
    0x08005020   0x08005020   0x0000000c   Code   RO          770    x$fpl$dretinf       fz_ws.l(dretinf.o)
    0x0800502c   0x0800502c   0x00000056   Code   RO          746    x$fpl$f2d           fz_ws.l(f2d.o)
    0x08005082   0x08005082   0x00000002   PAD
    0x08005084   0x08005084   0x00000184   Code   RO          749    x$fpl$fdiv          fz_ws.l(fdiv.o)
    0x08005208   0x08005208   0x00000026   Code   RO          752    x$fpl$ffltu         fz_ws.l(fflt_clz.o)
    0x0800522e   0x0800522e   0x0000008c   Code   RO          772    x$fpl$fnaninf       fz_ws.l(fnaninf.o)
    0x080052ba   0x080052ba   0x0000000a   Code   RO          774    x$fpl$fretinf       fz_ws.l(fretinf.o)
    0x080052c4   0x080052c4   0x00000004   Code   RO          758    x$fpl$printf1       fz_ws.l(printf1.o)
    0x080052c8   0x080052c8   0x00000000   Code   RO          776    x$fpl$usenofp       fz_ws.l(usenofp.o)
    0x080052c8   0x080052c8   0x00000a80   Data   RO          615    .constdata          oled0561.o
    0x08005d48   0x08005d48   0x00000094   Data   RO          804    .constdata          c_w.l(bigflt0.o)
    0x08005ddc   0x08005ddc   0x00000020   Data   RO          974    Region$$Table       anon$$obj.o
    0x08005dfc   0x08005dfc   0x0000001c   Data   RO          828    locale$$data        c_w.l(lc_numeric_c.o)


    Execution Region RW_IRAM1 (Exec base: 0x20000000, Load base: 0x08005e18, Size: 0x000006a0, Max: 0x00005000, ABSOLUTE)

    Exec Addr    Load Addr    Size         Type   Attr      Idx    E Section Name        Object

    0x20000000   0x08005e18   0x00000014   Data   RW           18    .data               system_stm32f10x.o
    0x20000014   0x08005e2c   0x00000014   Data   RW          162    .data               stm32f10x_rcc.o
    0x20000028   0x08005e40   0x00000004   Data   RW          475    .data               tim.o
    0x2000002c   0x08005e44   0x00000002   Data   RW          582    .data               nvic.o
    0x2000002e   0x08005e46   0x00000002   PAD
    0x20000030        -       0x00000010   Zero   RW          279    .bss                main.o
    0x20000040        -       0x00000060   Zero   RW          836    .bss                c_w.l(libspace.o)
    0x200000a0        -       0x00000200   Zero   RW          272    HEAP                startup_stm32f10x_md.o
    0x200002a0        -       0x00000400   Zero   RW          271    STACK               startup_stm32f10x_md.o


==============================================================================

Image component sizes


      Code (inc. data)   RO Data    RW Data    ZI Data      Debug   Object Name

       508         10          0          0          0       2217   can.o
         0          0          0          0          0       4556   core_cm3.o
        98          0          0          0          0        856   delay.o
       768         22          0          0          0       2506   i2c.o
       712        140          0          0         16     207455   main.o
       220         22          0          0          0     215533   misc.o
       372         18          0          2          0       1349   nvic.o
       624         46       2688          0          0       3777   oled0561.o
        64         26        236          0       1536        808   startup_stm32f10x_md.o
      2544         38          0          0          0       7980   stm32f10x_can.o
       284         10          0          0          0       2207   stm32f10x_exti.o
      1468         34          0          0          0       8154   stm32f10x_flash.o
       860         38          0          0          0       5685   stm32f10x_gpio.o
      1028         16          0          0          0       9171   stm32f10x_i2c.o
        26          0          0          0          0       1214   stm32f10x_it.o
       932         36          0         20          0       8856   stm32f10x_rcc.o
      3610         88          0          0          0      22792   stm32f10x_tim.o
       112          0          0          0          0        695   sys.o
       480         38          0         20          0      53499   system_stm32f10x.o
       156          8          0          4          0     233100   tim.o
       532         30          0          0          0       2293   tm1640.o

    ----------------------------------------------------------------------
     15400        620       2956         48       1552     794703   Object Totals
         0          0         32          0          0          0   (incl. Generated)
         2          0          0          2          0          0   (incl. Padding)

    ----------------------------------------------------------------------

      Code (inc. data)   RO Data    RW Data    ZI Data      Debug   Library Member Name

         8          0          0          0          0         68   __main.o
       284          0          0          0          0        156   __printf_wp.o
         0          0          0          0          0          0   __rtentry.o
        12          0          0          0          0          0   __rtentry2.o
         6          0          0          0          0          0   __rtentry4.o
        52          8          0          0          0          0   __scatter.o
        26          0          0          0          0          0   __scatter_copy.o
        28          0          0          0          0          0   __scatter_zi.o
        48          6          0          0          0         96   _printf_char_common.o
         6          0          0          0          0          0   _printf_d.o
       120         16          0          0          0         92   _printf_dec.o
         6          0          0          0          0          0   _printf_f.o
      1054          0          0          0          0        216   _printf_fp_dec.o
       128         16          0          0          0         84   _printf_fp_infnan.o
       178          0          0          0          0         88   _printf_intcommon.o
        78          0          0          0          0        108   _printf_pad.o
         0          0          0          0          0          0   _printf_percent.o
         4          0          0          0          0          0   _printf_percent_end.o
        10          0          0          0          0         68   _sputc.o
       228          4        148          0          0         96   bigflt0.o
      1936        128          0          0          0        672   btod.o
        18          0          0          0          0         80   exit.o
         6          0          0          0          0        152   heapauxi.o
         0          0          0          0          0          0   indicate_semi.o
        44         10         28          0          0         76   lc_numeric_c.o
         2          0          0          0          0          0   libinit.o
        18          0          0          0          0          0   libinit2.o
         2          0          0          0          0          0   libshutdown.o
         2          0          0          0          0          0   libshutdown2.o
         8          4          0          0         96         68   libspace.o
       138          0          0          0          0         80   lludiv10.o
        40          6          0          0          0         84   noretval__2sprintf.o
         8          4          0          0          0         68   rt_locale_intlibspace.o
       100          0          0          0          0         80   rt_memcpy_w.o
         2          0          0          0          0          0   rtexit.o
        10          0          0          0          0          0   rtexit2.o
       128          0          0          0          0         68   strcmpv7m.o
        12          4          0          0          0         68   sys_exit.o
        74          0          0          0          0         80   sys_stackheap_outer.o
         2          0          0          0          0         68   use_no_semi.o
        12          0          0          0          0         68   dretinf.o
        86          4          0          0          0         84   f2d.o
       388         76          0          0          0         96   fdiv.o
        38          0          0          0          0         68   fflt_clz.o
       140          4          0          0          0         84   fnaninf.o
        10          0          0          0          0         68   fretinf.o
         4          0          0          0          0         68   printf1.o
         0          0          0          0          0          0   usenofp.o
        40          0          0          0          0         68   fpclassify.o

    ----------------------------------------------------------------------
      5556        290        176          0         96       3320   Library Totals
        12          0          0          0          0          0   (incl. Padding)

    ----------------------------------------------------------------------

      Code (inc. data)   RO Data    RW Data    ZI Data      Debug   Library Name

      4826        206        176          0         96       2716   c_w.l
       678         84          0          0          0        536   fz_ws.l
        40          0          0          0          0         68   m_ws.l

    ----------------------------------------------------------------------
      5556        290        176          0         96       3320   Library Totals

    ----------------------------------------------------------------------

==============================================================================


      Code (inc. data)   RO Data    RW Data    ZI Data      Debug   

     20956        910       3132         48       1648     794483   Grand Totals
     20956        910       3132         48       1648     794483   ELF Image Totals
     20956        910       3132         48          0          0   ROM Totals

==============================================================================

    Total RO  Size (Code + RO Data)                24088 (  23.52kB)
    Total RW  Size (RW Data + ZI Data)              1696 (   1.66kB)
    Total ROM Size (Code + RO Data + RW Data)      24136 (  23.57kB)

==============================================================================

